Component: ARM Compiler 5.06 update 7 (build 960) Tool: armlink [4d3601]

==============================================================================

Section Cross References

    startup_stm32g474xx.o(STACK) refers (Special) to heapauxi.o(.text) for __use_two_region_memory
    startup_stm32g474xx.o(HEAP) refers (Special) to heapauxi.o(.text) for __use_two_region_memory
    startup_stm32g474xx.o(RESET) refers (Special) to heapauxi.o(.text) for __use_two_region_memory
    startup_stm32g474xx.o(RESET) refers to startup_stm32g474xx.o(STACK) for __initial_sp
    startup_stm32g474xx.o(RESET) refers to startup_stm32g474xx.o(.text) for Reset_Handler
    startup_stm32g474xx.o(RESET) refers to stm32g4xx_it.o(i.NMI_Handler) for NMI_Handler
    startup_stm32g474xx.o(RESET) refers to stm32g4xx_it.o(i.HardFault_Handler) for HardFault_Handler
    startup_stm32g474xx.o(RESET) refers to stm32g4xx_it.o(i.MemManage_Handler) for MemManage_Handler
    startup_stm32g474xx.o(RESET) refers to stm32g4xx_it.o(i.BusFault_Handler) for BusFault_Handler
    startup_stm32g474xx.o(RESET) refers to stm32g4xx_it.o(i.UsageFault_Handler) for UsageFault_Handler
    startup_stm32g474xx.o(RESET) refers to stm32g4xx_it.o(i.SVC_Handler) for SVC_Handler
    startup_stm32g474xx.o(RESET) refers to stm32g4xx_it.o(i.DebugMon_Handler) for DebugMon_Handler
    startup_stm32g474xx.o(RESET) refers to stm32g4xx_it.o(i.PendSV_Handler) for PendSV_Handler
    startup_stm32g474xx.o(RESET) refers to stm32g4xx_it.o(i.SysTick_Handler) for SysTick_Handler
    startup_stm32g474xx.o(RESET) refers to stm32g4xx_it.o(i.DMA1_Channel1_IRQHandler) for DMA1_Channel1_IRQHandler
    startup_stm32g474xx.o(RESET) refers to stm32g4xx_it.o(i.TIM3_IRQHandler) for TIM3_IRQHandler
    startup_stm32g474xx.o(RESET) refers to stm32g4xx_it.o(i.EXTI15_10_IRQHandler) for EXTI15_10_IRQHandler
    startup_stm32g474xx.o(.text) refers (Special) to heapauxi.o(.text) for __use_two_region_memory
    startup_stm32g474xx.o(.text) refers to system_stm32g4xx.o(i.SystemInit) for SystemInit
    startup_stm32g474xx.o(.text) refers to __main.o(!!!main) for __main
    startup_stm32g474xx.o(.text) refers to startup_stm32g474xx.o(HEAP) for Heap_Mem
    startup_stm32g474xx.o(.text) refers to startup_stm32g474xx.o(STACK) for Stack_Mem
    opamp.o(i.HAL_ADC_ConvCpltCallback) refers to opamp.o(i.calcAmplitude) for calcAmplitude
    opamp.o(i.HAL_ADC_ConvCpltCallback) refers to opamp.o(.data) for adcRangeBegin
    opamp.o(i.HAL_ADC_ConvHalfCpltCallback) refers to opamp.o(i.calcAmplitude) for calcAmplitude
    opamp.o(i.HAL_ADC_ConvHalfCpltCallback) refers to opamp.o(.data) for adcRangeBegin
    opamp.o(i.calcAmplitude) refers to stm32g4xx_hal_gpio.o(i.HAL_GPIO_WritePin) for HAL_GPIO_WritePin
    opamp.o(i.calcAmplitude) refers to opamp.o(.data) for lAvgValue
    opamp.o(i.calcAmplitude) refers to main.o(.bss) for value_adc
    opamp.o(i.opampHandle) refers to opamp.o(.data) for opampGainList
    main.o(i.MX_ADC2_Init) refers to rt_memclr_w.o(.text) for __aeabi_memclr4
    main.o(i.MX_ADC2_Init) refers to stm32g4xx_hal_adc.o(i.HAL_ADC_Init) for HAL_ADC_Init
    main.o(i.MX_ADC2_Init) refers to main.o(i.Error_Handler) for Error_Handler
    main.o(i.MX_ADC2_Init) refers to stm32g4xx_hal_adc.o(i.HAL_ADC_ConfigChannel) for HAL_ADC_ConfigChannel
    main.o(i.MX_ADC2_Init) refers to main.o(.bss) for hadc2
    main.o(i.MX_COMP6_Init) refers to stm32g4xx_hal_comp.o(i.HAL_COMP_Init) for HAL_COMP_Init
    main.o(i.MX_COMP6_Init) refers to main.o(i.Error_Handler) for Error_Handler
    main.o(i.MX_COMP6_Init) refers to main.o(.bss) for hcomp6
    main.o(i.MX_DAC2_Init) refers to rt_memclr_w.o(.text) for __aeabi_memclr4
    main.o(i.MX_DAC2_Init) refers to stm32g4xx_hal_dac.o(i.HAL_DAC_Init) for HAL_DAC_Init
    main.o(i.MX_DAC2_Init) refers to main.o(i.Error_Handler) for Error_Handler
    main.o(i.MX_DAC2_Init) refers to stm32g4xx_hal_dac.o(i.HAL_DAC_ConfigChannel) for HAL_DAC_ConfigChannel
    main.o(i.MX_DAC2_Init) refers to main.o(.bss) for hdac2
    main.o(i.MX_DMA_Init) refers to stm32g4xx_hal_cortex.o(i.HAL_NVIC_SetPriority) for HAL_NVIC_SetPriority
    main.o(i.MX_DMA_Init) refers to stm32g4xx_hal_cortex.o(i.HAL_NVIC_EnableIRQ) for HAL_NVIC_EnableIRQ
    main.o(i.MX_GPIO_Init) refers to rt_memclr_w.o(.text) for __aeabi_memclr4
    main.o(i.MX_GPIO_Init) refers to stm32g4xx_hal_gpio.o(i.HAL_GPIO_WritePin) for HAL_GPIO_WritePin
    main.o(i.MX_GPIO_Init) refers to stm32g4xx_hal_gpio.o(i.HAL_GPIO_Init) for HAL_GPIO_Init
    main.o(i.MX_GPIO_Init) refers to stm32g4xx_hal_cortex.o(i.HAL_NVIC_SetPriority) for HAL_NVIC_SetPriority
    main.o(i.MX_GPIO_Init) refers to stm32g4xx_hal_cortex.o(i.HAL_NVIC_EnableIRQ) for HAL_NVIC_EnableIRQ
    main.o(i.MX_LPUART1_UART_Init) refers to stm32g4xx_hal_uart.o(i.HAL_UART_Init) for HAL_UART_Init
    main.o(i.MX_LPUART1_UART_Init) refers to main.o(i.Error_Handler) for Error_Handler
[...]
    ..\Drivers\STM32G4xx_HAL_Driver\Src\stm32g4xx_hal_pwr_ex.c 0x00000000   Number         0  stm32g4xx_hal_pwr_ex.o ABSOLUTE
    ..\Drivers\STM32G4xx_HAL_Driver\Src\stm32g4xx_hal_rcc.c 0x00000000   Number         0  stm32g4xx_hal_rcc.o ABSOLUTE
    ..\Drivers\STM32G4xx_HAL_Driver\Src\stm32g4xx_hal_rcc_ex.c 0x00000000   Number         0  stm32g4xx_hal_rcc_ex.o ABSOLUTE
    ..\Drivers\STM32G4xx_HAL_Driver\Src\stm32g4xx_hal_tim.c 0x00000000   Number         0  stm32g4xx_hal_tim.o ABSOLUTE
    ..\Drivers\STM32G4xx_HAL_Driver\Src\stm32g4xx_hal_tim_ex.c 0x00000000   Number         0  stm32g4xx_hal_tim_ex.o ABSOLUTE
    ..\Drivers\STM32G4xx_HAL_Driver\Src\stm32g4xx_hal_uart.c 0x00000000   Number         0  stm32g4xx_hal_uart.o ABSOLUTE
    ..\Drivers\STM32G4xx_HAL_Driver\Src\stm32g4xx_hal_uart_ex.c 0x00000000   Number         0  stm32g4xx_hal_uart_ex.o ABSOLUTE
    ..\\Application\\opamp.c                 0x00000000   Number         0  opamp.o ABSOLUTE
    dc.s                                     0x00000000   Number         0  dc.o ABSOLUTE
    startup_stm32g474xx.s                    0x00000000   Number         0  startup_stm32g474xx.o ABSOLUTE
    RESET                                    0x08000000   Section      472  startup_stm32g474xx.o(RESET)
    !!!main                                  0x080001d8   Section        8  __main.o(!!!main)
    !!!scatter                               0x080001e0   Section       52  __scatter.o(!!!scatter)
    !!handler_copy                           0x08000214   Section       26  __scatter_copy.o(!!handler_copy)
    !!handler_zi                             0x08000230   Section       28  __scatter_zi.o(!!handler_zi)
    .ARM.Collect$$libinit$$00000000          0x0800024c   Section        2  libinit.o(.ARM.Collect$$libinit$$00000000)
    .ARM.Collect$$libinit$$00000001          0x0800024e   Section        4  libinit2.o(.ARM.Collect$$libinit$$00000001)
    .ARM.Collect$$libinit$$00000004          0x08000252   Section        0  libinit2.o(.ARM.Collect$$libinit$$00000004)
    .ARM.Collect$$libinit$$0000000A          0x08000252   Section        0  libinit2.o(.ARM.Collect$$libinit$$0000000A)
    .ARM.Collect$$libinit$$0000000C          0x08000252   Section        0  libinit2.o(.ARM.Collect$$libinit$$0000000C)
    .ARM.Collect$$libinit$$0000000E          0x08000252   Section        0  libinit2.o(.ARM.Collect$$libinit$$0000000E)
    .ARM.Collect$$libinit$$00000011          0x08000252   Section        0  libinit2.o(.ARM.Collect$$libinit$$00000011)
    .ARM.Collect$$libinit$$00000013          0x08000252   Section        0  libinit2.o(.ARM.Collect$$libinit$$00000013)
    .ARM.Collect$$libinit$$00000015          0x08000252   Section        0  libinit2.o(.ARM.Collect$$libinit$$00000015)
    .ARM.Collect$$libinit$$00000017          0x08000252   Section        0  libinit2.o(.ARM.Collect$$libinit$$00000017)
    .ARM.Collect$$libinit$$00000019          0x08000252   Section        0  libinit2.o(.ARM.Collect$$libinit$$00000019)
    .ARM.Collect$$libinit$$0000001B          0x08000252   Section        0  libinit2.o(.ARM.Collect$$libinit$$0000001B)
    .ARM.Collect$$libinit$$0000001D          0x08000252   Section        0  libinit2.o(.ARM.Collect$$libinit$$0000001D)
    .ARM.Collect$$libinit$$0000001F          0x08000252   Section        0  libinit2.o(.ARM.Collect$$libinit$$0000001F)
    .ARM.Collect$$libinit$$00000021          0x08000252   Section        0  libinit2.o(.ARM.Collect$$libinit$$00000021)
    .ARM.Collect$$libinit$$00000023          0x08000252   Section        0  libinit2.o(.ARM.Collect$$libinit$$00000023)
    .ARM.Collect$$libinit$$00000025          0x08000252   Section        0  libinit2.o(.ARM.Collect$$libinit$$00000025)
    .ARM.Collect$$libinit$$0000002C          0x08000252   Section        0  libinit2.o(.ARM.Collect$$libinit$$0000002C)
    .ARM.Collect$$libinit$$0000002E          0x08000252   Section        0  libinit2.o(.ARM.Collect$$libinit$$0000002E)
    .ARM.Collect$$libinit$$00000030          0x08000252   Section        0  libinit2.o(.ARM.Collect$$libinit$$00000030)
    .ARM.Collect$$libinit$$00000032          0x08000252   Section        0  libinit2.o(.ARM.Collect$$libinit$$00000032)
    .ARM.Collect$$libinit$$00000033          0x08000252   Section        2  libinit2.o(.ARM.Collect$$libinit$$00000033)
    .ARM.Collect$$libshutdown$$00000000      0x08000254   Section        2  libshutdown.o(.ARM.Collect$$libshutdown$$00000000)
    .ARM.Collect$$libshutdown$$00000002      0x08000256   Section        0  libshutdown2.o(.ARM.Collect$$libshutdown$$00000002)
    .ARM.Collect$$libshutdown$$00000004      0x08000256   Section        0  libshutdown2.o(.ARM.Collect$$libshutdown$$00000004)
    .ARM.Collect$$libshutdown$$00000006      0x08000256   Section        0  libshutdown2.o(.ARM.Collect$$libshutdown$$00000006)
    .ARM.Collect$$libshutdown$$00000009      0x08000256   Section        0  libshutdown2.o(.ARM.Collect$$libshutdown$$00000009)
    .ARM.Collect$$libshutdown$$0000000C      0x08000256   Section        0  libshutdown2.o(.ARM.Collect$$libshutdown$$0000000C)
    .ARM.Collect$$libshutdown$$0000000E      0x08000256   Section        0  libshutdown2.o(.ARM.Collect$$libshutdown$$0000000E)
    .ARM.Collect$$libshutdown$$00000011      0x08000256   Section        0  libshutdown2.o(.ARM.Collect$$libshutdown$$00000011)
    .ARM.Collect$$libshutdown$$00000012      0x08000256   Section        2  libshutdown2.o(.ARM.Collect$$libshutdown$$00000012)
    .ARM.Collect$$rtentry$$00000000          0x08000258   Section        0  __rtentry.o(.ARM.Collect$$rtentry$$00000000)
    .ARM.Collect$$rtentry$$00000002          0x08000258   Section        0  __rtentry2.o(.ARM.Collect$$rtentry$$00000002)
    .ARM.Collect$$rtentry$$00000004          0x08000258   Section        6  __rtentry4.o(.ARM.Collect$$rtentry$$00000004)
    .ARM.Collect$$rtentry$$00000009          0x0800025e   Section        0  __rtentry2.o(.ARM.Collect$$rtentry$$00000009)
    .ARM.Collect$$rtentry$$0000000A          0x0800025e   Section        4  __rtentry2.o(.ARM.Collect$$rtentry$$0000000A)
    .ARM.Collect$$rtentry$$0000000C          0x08000262   Section        0  __rtentry2.o(.ARM.Collect$$rtentry$$0000000C)
    .ARM.Collect$$rtentry$$0000000D          0x08000262   Section        8  __rtentry2.o(.ARM.Collect$$rtentry$$0000000D)
    .ARM.Collect$$rtexit$$00000000           0x0800026a   Section        2  rtexit.o(.ARM.Collect$$rtexit$$00000000)
    .ARM.Collect$$rtexit$$00000002           0x0800026c   Section        0  rtexit2.o(.ARM.Collect$$rtexit$$00000002)
    .ARM.Collect$$rtexit$$00000003           0x0800026c   Section        4  rtexit2.o(.ARM.Collect$$rtexit$$00000003)
    .ARM.Collect$$rtexit$$00000004           0x08000270   Section        6  rtexit2.o(.ARM.Collect$$rtexit$$00000004)
    .text                                    0x08000278   Section       64  startup_stm32g474xx.o(.text)
    $v0                                      0x08000278   Number         0  startup_stm32g474xx.o(.text)
    .text                                    0x080002b8   Section      238  lludivv7m.o(.text)
    .text                                    0x080003a6   Section       78  rt_memclr_w.o(.text)
    .text                                    0x080003f4   Section        0  heapauxi.o(.text)
    .text                                    0x080003fa   Section       74  sys_stackheap_outer.o(.text)
    .text                                    0x08000444   Section        0  exit.o(.text)
    .text                                    0x08000458   Section        8  libspace.o(.text)
    .text                                    0x08000460   Section        0  sys_exit.o(.text)
    .text                                    0x0800046c   Section        2  use_no_semi.o(.text)
    .text                                    0x0800046e   Section        0  indicate_semi.o(.text)
    i.ADC_DMAConvCplt                        0x0800046e   Section        0  stm32g4xx_hal_adc.o(i.ADC_DMAConvCplt)
    i.ADC_DMAError                           0x08000500   Section        0  stm32g4xx_hal_adc.o(i.ADC_DMAError)
    i.ADC_DMAHalfConvCplt                    0x0800051e   Section        0  stm32g4xx_hal_adc.o(i.ADC_DMAHalfConvCplt)
    i.ADC_Enable                             0x0800052c   Section        0  stm32g4xx_hal_adc.o(i.ADC_Enable)
    i.BusFault_Handler                       0x080005a4   Section        0  stm32g4xx_it.o(i.BusFault_Handler)
    i.DMA1_Channel1_IRQHandler               0x080005a8   Section        0  stm32g4xx_it.o(i.DMA1_Channel1_IRQHandler)
    i.DMA_CalcDMAMUXChannelBaseAndMask       0x080005b8   Section        0  stm32g4xx_hal_dma.o(i.DMA_CalcDMAMUXChannelBaseAndMask)
    DMA_CalcDMAMUXChannelBaseAndMask         0x080005b9   Thumb Code    58  stm32g4xx_hal_dma.o(i.DMA_CalcDMAMUXChannelBaseAndMask)
    i.DMA_CalcDMAMUXRequestGenBaseAndMask    0x080005fc   Section        0  stm32g4xx_hal_dma.o(i.DMA_CalcDMAMUXRequestGenBaseAndMask)
    DMA_CalcDMAMUXRequestGenBaseAndMask      0x080005fd   Thumb Code    32  stm32g4xx_hal_dma.o(i.DMA_CalcDMAMUXRequestGenBaseAndMask)
    i.DMA_SetConfig                          0x08000620   Section        0  stm32g4xx_hal_dma.o(i.DMA_SetConfig)
    DMA_SetConfig                            0x08000621   Thumb Code    64  stm32g4xx_hal_dma.o(i.DMA_SetConfig)
    i.DebugMon_Handler                       0x08000660   Section        0  stm32g4xx_it.o(i.DebugMon_Handler)
    i.EXTI15_10_IRQHandler                   0x08000662   Section        0  stm32g4xx_it.o(i.EXTI15_10_IRQHandler)
    i.Error_Handler                          0x0800066e   Section        0  main.o(i.Error_Handler)
    i.HAL_ADC_ConfigChannel                  0x08000670   Section        0  stm32g4xx_hal_adc.o(i.HAL_ADC_ConfigChannel)
    i.HAL_ADC_ConvCpltCallback               0x08000bec   Section        0  opamp.o(i.HAL_ADC_ConvCpltCallback)
    i.HAL_ADC_ConvHalfCpltCallback           0x08000c00   Section        0  opamp.o(i.HAL_ADC_ConvHalfCpltCallback)
    i.HAL_ADC_ErrorCallback                  0x08000c14   Section        0  stm32g4xx_hal_adc.o(i.HAL_ADC_ErrorCallback)
    i.HAL_ADC_Init                           0x08000c18   Section        0  stm32g4xx_hal_adc.o(i.HAL_ADC_Init)
    i.HAL_ADC_MspInit                        0x08000ed8   Section        0  stm32g4xx_hal_msp.o(i.HAL_ADC_MspInit)
    i.HAL_ADC_Start                          0x08000f8c   Section        0  stm32g4xx_hal_adc.o(i.HAL_ADC_Start)
    i.HAL_ADC_Start_DMA                      0x080010f0   Section        0  stm32g4xx_hal_adc.o(i.HAL_ADC_Start_DMA)
    i.HAL_COMP_Init                          0x08001234   Section        0  stm32g4xx_hal_comp.o(i.HAL_COMP_Init)
    i.HAL_COMP_MspInit                       0x08001564   Section        0  stm32g4xx_hal_msp.o(i.HAL_COMP_MspInit)
    i.HAL_COMP_Start                         0x080015f4   Section        0  stm32g4xx_hal_comp.o(i.HAL_COMP_Start)
    i.HAL_DAC_ConfigChannel                  0x08001658   Section        0  stm32g4xx_hal_dac.o(i.HAL_DAC_ConfigChannel)
    i.HAL_DAC_Init                           0x080018ac   Section        0  stm32g4xx_hal_dac.o(i.HAL_DAC_Init)
    i.HAL_DAC_MspInit                        0x080018d4   Section        0  stm32g4xx_hal_msp.o(i.HAL_DAC_MspInit)
    i.HAL_DAC_SetValue                       0x08001944   Section        0  stm32g4xx_hal_dac.o(i.HAL_DAC_SetValue)
    i.HAL_DAC_Start                          0x08001984   Section        0  stm32g4xx_hal_dac.o(i.HAL_DAC_Start)
    i.HAL_DMA_IRQHandler                     0x08001a04   Section        0  stm32g4xx_hal_dma.o(i.HAL_DMA_IRQHandler)
    i.HAL_DMA_Init                           0x08001b04   Section        0  stm32g4xx_hal_dma.o(i.HAL_DMA_Init)
    i.HAL_DMA_Start_IT                       0x08001bd4   Section        0  stm32g4xx_hal_dma.o(i.HAL_DMA_Start_IT)
    i.HAL_Delay                              0x08001c98   Section        0  stm32g4xx_hal.o(i.HAL_Delay)
    i.HAL_GPIO_EXTI_Callback                 0x08001cc0   Section        0  stm32g4xx_hal_gpio.o(i.HAL_GPIO_EXTI_Callback)
    i.HAL_GPIO_EXTI_IRQHandler               0x08001cc4   Section        0  stm32g4xx_hal_gpio.o(i.HAL_GPIO_EXTI_IRQHandler)
    i.HAL_GPIO_Init                          0x08001ce0   Section        0  stm32g4xx_hal_gpio.o(i.HAL_GPIO_Init)
    i.HAL_GPIO_WritePin                      0x08001eb8   Section        0  stm32g4xx_hal_gpio.o(i.HAL_GPIO_WritePin)
    i.HAL_GetTick                            0x08001ec4   Section        0  stm32g4xx_hal.o(i.HAL_GetTick)
    i.HAL_IncTick                            0x08001ed0   Section        0  stm32g4xx_hal.o(i.HAL_IncTick)
    i.HAL_Init                               0x08001ee8   Section        0  stm32g4xx_hal.o(i.HAL_Init)
    i.HAL_InitTick                           0x08001f08   Section        0  stm32g4xx_hal.o(i.HAL_InitTick)
    i.HAL_MspInit                            0x08001f60   Section        0  stm32g4xx_hal_msp.o(i.HAL_MspInit)
    i.HAL_NVIC_EnableIRQ                     0x08001fb4   Section        0  stm32g4xx_hal_cortex.o(i.HAL_NVIC_EnableIRQ)
    i.HAL_NVIC_SetPriority                   0x08001fd4   Section        0  stm32g4xx_hal_cortex.o(i.HAL_NVIC_SetPriority)
    i.HAL_NVIC_SetPriorityGrouping           0x08002050   Section        0  stm32g4xx_hal_cortex.o(i.HAL_NVIC_SetPriorityGrouping)
    i.HAL_OPAMP_Init                         0x08002078   Section        0  stm32g4xx_hal_opamp.o(i.HAL_OPAMP_Init)
    i.HAL_OPAMP_MspInit                      0x080021cc   Section        0  stm32g4xx_hal_msp.o(i.HAL_OPAMP_MspInit)
    i.HAL_OPAMP_Start                        0x08002254   Section        0  stm32g4xx_hal_opamp.o(i.HAL_OPAMP_Start)
    i.HAL_PWREx_ControlVoltageScaling        0x0800228c   Section        0  stm32g4xx_hal_pwr_ex.o(i.HAL_PWREx_ControlVoltageScaling)
    i.HAL_RCCEx_PeriphCLKConfig              0x080023a4   Section        0  stm32g4xx_hal_rcc_ex.o(i.HAL_RCCEx_PeriphCLKConfig)
    i.HAL_RCC_ClockConfig                    0x080027bc   Section        0  stm32g4xx_hal_rcc.o(i.HAL_RCC_ClockConfig)
    i.HAL_RCC_GetHCLKFreq                    0x080029e0   Section        0  stm32g4xx_hal_rcc.o(i.HAL_RCC_GetHCLKFreq)
    i.HAL_RCC_GetPCLK1Freq                   0x080029ec   Section        0  stm32g4xx_hal_rcc.o(i.HAL_RCC_GetPCLK1Freq)
    i.HAL_RCC_GetPCLK2Freq                   0x08002a10   Section        0  stm32g4xx_hal_rcc.o(i.HAL_RCC_GetPCLK2Freq)
    i.HAL_RCC_GetSysClockFreq                0x08002a34   Section        0  stm32g4xx_hal_rcc.o(i.HAL_RCC_GetSysClockFreq)
    i.HAL_RCC_OscConfig                      0x08002acc   Section        0  stm32g4xx_hal_rcc.o(i.HAL_RCC_OscConfig)
    i.HAL_SYSTICK_Config                     0x08003034   Section        0  stm32g4xx_hal_cortex.o(i.HAL_SYSTICK_Config)
    i.HAL_TIMEx_Break2Callback               0x08003068   Section        0  stm32g4xx_hal_tim_ex.o(i.HAL_TIMEx_Break2Callback)
    i.HAL_TIMEx_BreakCallback                0x0800306a   Section        0  stm32g4xx_hal_tim_ex.o(i.HAL_TIMEx_BreakCallback)
    i.HAL_TIMEx_CommutCallback               0x0800306c   Section        0  stm32g4xx_hal_tim_ex.o(i.HAL_TIMEx_CommutCallback)
    i.HAL_TIMEx_DirectionChangeCallback      0x0800306e   Section        0  stm32g4xx_hal_tim_ex.o(i.HAL_TIMEx_DirectionChangeCallback)
    i.HAL_TIMEx_EncoderIndexCallback         0x08003070   Section        0  stm32g4xx_hal_tim_ex.o(i.HAL_TIMEx_EncoderIndexCallback)
    i.HAL_TIMEx_IndexErrorCallback           0x08003072   Section        0  stm32g4xx_hal_tim_ex.o(i.HAL_TIMEx_IndexErrorCallback)
    i.HAL_TIMEx_MasterConfigSynchronization  0x08003074   Section        0  stm32g4xx_hal_tim_ex.o(i.HAL_TIMEx_MasterConfigSynchronization)
    i.HAL_TIMEx_TransitionErrorCallback      0x0800314c   Section        0  stm32g4xx_hal_tim_ex.o(i.HAL_TIMEx_TransitionErrorCallback)
    i.HAL_TIM_Base_Init                      0x0800314e   Section        0  stm32g4xx_hal_tim.o(i.HAL_TIM_Base_Init)
    i.HAL_TIM_Base_MspInit                   0x080031bc   Section        0  stm32g4xx_hal_msp.o(i.HAL_TIM_Base_MspInit)
    i.HAL_TIM_Base_Start_IT                  0x08003200   Section        0  stm32g4xx_hal_tim.o(i.HAL_TIM_Base_Start_IT)
    i.HAL_TIM_ConfigClockSource              0x08003248   Section        0  stm32g4xx_hal_tim.o(i.HAL_TIM_ConfigClockSource)
    i.HAL_TIM_IC_CaptureCallback             0x08003380   Section        0  stm32g4xx_hal_tim.o(i.HAL_TIM_IC_CaptureCallback)
    i.HAL_TIM_IRQHandler                     0x08003382   Section        0  stm32g4xx_hal_tim.o(i.HAL_TIM_IRQHandler)
    i.HAL_TIM_OC_DelayElapsedCallback        0x080035c2   Section        0  stm32g4xx_hal_tim.o(i.HAL_TIM_OC_DelayElapsedCallback)
    i.HAL_TIM_PWM_PulseFinishedCallback      0x080035c4   Section        0  stm32g4xx_hal_tim.o(i.HAL_TIM_PWM_PulseFinishedCallback)
    i.HAL_TIM_PeriodElapsedCallback          0x080035c6   Section        0  opamp.o(i.HAL_TIM_PeriodElapsedCallback)
    i.HAL_TIM_TriggerCallback                0x080035c8   Section        0  stm32g4xx_hal_tim.o(i.HAL_TIM_TriggerCallback)
    i.HAL_UARTEx_DisableFifoMode             0x080035ca   Section        0  stm32g4xx_hal_uart_ex.o(i.HAL_UARTEx_DisableFifoMode)
    i.HAL_UARTEx_SetRxFifoThreshold          0x08003618   Section        0  stm32g4xx_hal_uart_ex.o(i.HAL_UARTEx_SetRxFifoThreshold)
    i.HAL_UARTEx_SetTxFifoThreshold          0x08003676   Section        0  stm32g4xx_hal_uart_ex.o(i.HAL_UARTEx_SetTxFifoThreshold)
    i.HAL_UART_Init                          0x080036d4   Section        0  stm32g4xx_hal_uart.o(i.HAL_UART_Init)
    i.HAL_UART_MspInit                       0x0800374c   Section        0  stm32g4xx_hal_msp.o(i.HAL_UART_MspInit)
    i.HardFault_Handler                      0x080037c0   Section        0  stm32g4xx_it.o(i.HardFault_Handler)
    i.LL_ADC_Enable                          0x080037c4   Section        0  stm32g4xx_hal_adc.o(i.LL_ADC_Enable)
    LL_ADC_Enable                            0x080037c5   Thumb Code    12  stm32g4xx_hal_adc.o(i.LL_ADC_Enable)
    i.LL_ADC_GetMultimode                    0x080037d4   Section        0  stm32g4xx_hal_adc.o(i.LL_ADC_GetMultimode)
    LL_ADC_GetMultimode                      0x080037d5   Thumb Code    10  stm32g4xx_hal_adc.o(i.LL_ADC_GetMultimode)
    i.LL_ADC_GetOffsetChannel                0x080037de   Section        0  stm32g4xx_hal_adc.o(i.LL_ADC_GetOffsetChannel)
    LL_ADC_GetOffsetChannel                  0x080037df   Thumb Code    18  stm32g4xx_hal_adc.o(i.LL_ADC_GetOffsetChannel)
    i.LL_ADC_INJ_IsConversionOngoing         0x080037f0   Section        0  stm32g4xx_hal_adc.o(i.LL_ADC_INJ_IsConversionOngoing)
    LL_ADC_INJ_IsConversionOngoing           0x080037f1   Thumb Code    10  stm32g4xx_hal_adc.o(i.LL_ADC_INJ_IsConversionOngoing)
    i.LL_ADC_IsEnabled                       0x080037fa   Section        0  stm32g4xx_hal_adc.o(i.LL_ADC_IsEnabled)
    LL_ADC_IsEnabled                         0x080037fb   Thumb Code    10  stm32g4xx_hal_adc.o(i.LL_ADC_IsEnabled)
    i.LL_ADC_IsInternalRegulatorEnabled      0x08003804   Section        0  stm32g4xx_hal_adc.o(i.LL_ADC_IsInternalRegulatorEnabled)
    LL_ADC_IsInternalRegulatorEnabled        0x08003805   Thumb Code    10  stm32g4xx_hal_adc.o(i.LL_ADC_IsInternalRegulatorEnabled)
    i.LL_ADC_REG_IsConversionOngoing         0x0800380e   Section        0  stm32g4xx_hal_adc.o(i.LL_ADC_REG_IsConversionOngoing)
    LL_ADC_REG_IsConversionOngoing           0x0800380f   Thumb Code    10  stm32g4xx_hal_adc.o(i.LL_ADC_REG_IsConversionOngoing)
    i.LL_ADC_REG_IsTriggerSourceSWStart      0x08003818   Section        0  stm32g4xx_hal_adc.o(i.LL_ADC_REG_IsTriggerSourceSWStart)
    LL_ADC_REG_IsTriggerSourceSWStart        0x08003819   Thumb Code    18  stm32g4xx_hal_adc.o(i.LL_ADC_REG_IsTriggerSourceSWStart)
    i.LL_ADC_REG_StartConversion             0x0800382c   Section        0  stm32g4xx_hal_adc.o(i.LL_ADC_REG_StartConversion)
    LL_ADC_REG_StartConversion               0x0800382d   Thumb Code    12  stm32g4xx_hal_adc.o(i.LL_ADC_REG_StartConversion)
    i.LL_ADC_SetChannelSamplingTime          0x0800383c   Section        0  stm32g4xx_hal_adc.o(i.LL_ADC_SetChannelSamplingTime)
    LL_ADC_SetChannelSamplingTime            0x0800383d   Thumb Code    40  stm32g4xx_hal_adc.o(i.LL_ADC_SetChannelSamplingTime)
    i.LL_ADC_SetCommonPathInternalCh         0x08003864   Section        0  stm32g4xx_hal_adc.o(i.LL_ADC_SetCommonPathInternalCh)
    LL_ADC_SetCommonPathInternalCh           0x08003865   Thumb Code    12  stm32g4xx_hal_adc.o(i.LL_ADC_SetCommonPathInternalCh)
    i.LL_ADC_SetOffsetState                  0x08003870   Section        0  stm32g4xx_hal_adc.o(i.LL_ADC_SetOffsetState)
    LL_ADC_SetOffsetState                    0x08003871   Thumb Code    22  stm32g4xx_hal_adc.o(i.LL_ADC_SetOffsetState)
    i.LL_ADC_SetSamplingTimeCommonConfig     0x08003886   Section        0  stm32g4xx_hal_adc.o(i.LL_ADC_SetSamplingTimeCommonConfig)
    LL_ADC_SetSamplingTimeCommonConfig       0x08003887   Thumb Code    12  stm32g4xx_hal_adc.o(i.LL_ADC_SetSamplingTimeCommonConfig)
    i.LL_EXTI_ClearFlag_0_31                 0x08003894   Section        0  stm32g4xx_hal_comp.o(i.LL_EXTI_ClearFlag_0_31)
    LL_EXTI_ClearFlag_0_31                   0x08003895   Thumb Code     6  stm32g4xx_hal_comp.o(i.LL_EXTI_ClearFlag_0_31)
    i.LL_EXTI_ClearFlag_32_63                0x080038a0   Section        0  stm32g4xx_hal_comp.o(i.LL_EXTI_ClearFlag_32_63)
    LL_EXTI_ClearFlag_32_63                  0x080038a1   Thumb Code     6  stm32g4xx_hal_comp.o(i.LL_EXTI_ClearFlag_32_63)
    i.LL_EXTI_DisableEvent_0_31              0x080038ac   Section        0  stm32g4xx_hal_comp.o(i.LL_EXTI_DisableEvent_0_31)
    LL_EXTI_DisableEvent_0_31                0x080038ad   Thumb Code    12  stm32g4xx_hal_comp.o(i.LL_EXTI_DisableEvent_0_31)
    i.LL_EXTI_DisableEvent_32_63             0x080038bc   Section        0  stm32g4xx_hal_comp.o(i.LL_EXTI_DisableEvent_32_63)
    LL_EXTI_DisableEvent_32_63               0x080038bd   Thumb Code    12  stm32g4xx_hal_comp.o(i.LL_EXTI_DisableEvent_32_63)
    i.LL_EXTI_DisableIT_0_31                 0x080038cc   Section        0  stm32g4xx_hal_comp.o(i.LL_EXTI_DisableIT_0_31)
    LL_EXTI_DisableIT_0_31                   0x080038cd   Thumb Code    12  stm32g4xx_hal_comp.o(i.LL_EXTI_DisableIT_0_31)
    i.LL_EXTI_DisableIT_32_63                0x080038dc   Section        0  stm32g4xx_hal_comp.o(i.LL_EXTI_DisableIT_32_63)
    LL_EXTI_DisableIT_32_63                  0x080038dd   Thumb Code    12  stm32g4xx_hal_comp.o(i.LL_EXTI_DisableIT_32_63)
    i.MX_ADC2_Init                           0x080038ec   Section        0  main.o(i.MX_ADC2_Init)
    MX_ADC2_Init                             0x080038ed   Thumb Code   136  main.o(i.MX_ADC2_Init)
    i.MX_COMP6_Init                          0x08003980   Section        0  main.o(i.MX_COMP6_Init)
    MX_COMP6_Init                            0x08003981   Thumb Code    40  main.o(i.MX_COMP6_Init)
    i.MX_DAC2_Init                           0x080039b4   Section        0  main.o(i.MX_DAC2_Init)
    MX_DAC2_Init                             0x080039b5   Thumb Code    80  main.o(i.MX_DAC2_Init)
    i.MX_DMA_Init                            0x08003a0c   Section        0  main.o(i.MX_DMA_Init)
    MX_DMA_Init                              0x08003a0d   Thumb Code    74  main.o(i.MX_DMA_Init)
    i.MX_GPIO_Init                           0x08003a5c   Section        0  main.o(i.MX_GPIO_Init)
    MX_GPIO_Init                             0x08003a5d   Thumb Code   232  main.o(i.MX_GPIO_Init)
    i.MX_LPUART1_UART_Init                   0x08003b50   Section        0  main.o(i.MX_LPUART1_UART_Init)
    MX_LPUART1_UART_Init                     0x08003b51   Thumb Code    94  main.o(i.MX_LPUART1_UART_Init)
    i.MX_OPAMP3_Init                         0x08003bb8   Section        0  main.o(i.MX_OPAMP3_Init)
    MX_OPAMP3_Init                           0x08003bb9   Thumb Code    46  main.o(i.MX_OPAMP3_Init)
    i.MX_TIM3_Init                           0x08003bf0   Section        0  main.o(i.MX_TIM3_Init)
    MX_TIM3_Init                             0x08003bf1   Thumb Code   106  main.o(i.MX_TIM3_Init)
    i.MemManage_Handler                      0x08003c64   Section        0  stm32g4xx_it.o(i.MemManage_Handler)
    i.NMI_Handler                            0x08003c68   Section        0  stm32g4xx_it.o(i.NMI_Handler)
    i.PendSV_Handler                         0x08003c6a   Section        0  stm32g4xx_it.o(i.PendSV_Handler)
    i.RCC_GetSysClockFreqFromPLLSource       0x08003c6c   Section        0  stm32g4xx_hal_rcc.o(i.RCC_GetSysClockFreqFromPLLSource)
    RCC_GetSysClockFreqFromPLLSource         0x08003c6d   Thumb Code    90  stm32g4xx_hal_rcc.o(i.RCC_GetSysClockFreqFromPLLSource)
    i.SVC_Handler                            0x08003cd4   Section        0  stm32g4xx_it.o(i.SVC_Handler)
    i.SysTick_Handler                        0x08003cd6   Section        0  stm32g4xx_it.o(i.SysTick_Handler)
    i.SystemClock_Config                     0x08003cde   Section        0  main.o(i.SystemClock_Config)
    i.SystemInit                             0x08003d6c   Section        0  system_stm32g4xx.o(i.SystemInit)
    i.TIM3_IRQHandler                        0x08003d88   Section        0  stm32g4xx_it.o(i.TIM3_IRQHandler)
    i.TIM_Base_SetConfig                     0x08003d98   Section        0  stm32g4xx_hal_tim.o(i.TIM_Base_SetConfig)
    i.TIM_ETR_SetConfig                      0x08003e78   Section        0  stm32g4xx_hal_tim.o(i.TIM_ETR_SetConfig)
    i.TIM_ITRx_SetConfig                     0x08003e90   Section        0  stm32g4xx_hal_tim.o(i.TIM_ITRx_SetConfig)
    TIM_ITRx_SetConfig                       0x08003e91   Thumb Code    18  stm32g4xx_hal_tim.o(i.TIM_ITRx_SetConfig)
    i.TIM_TI1_ConfigInputStage               0x08003ea8   Section        0  stm32g4xx_hal_tim.o(i.TIM_TI1_ConfigInputStage)
    TIM_TI1_ConfigInputStage                 0x08003ea9   Thumb Code    38  stm32g4xx_hal_tim.o(i.TIM_TI1_ConfigInputStage)
    i.TIM_TI2_ConfigInputStage               0x08003ece   Section        0  stm32g4xx_hal_tim.o(i.TIM_TI2_ConfigInputStage)
    TIM_TI2_ConfigInputStage                 0x08003ecf   Thumb Code    40  stm32g4xx_hal_tim.o(i.TIM_TI2_ConfigInputStage)
    i.UARTEx_SetNbDataToProcess              0x08003ef8   Section        0  stm32g4xx_hal_uart_ex.o(i.UARTEx_SetNbDataToProcess)
    UARTEx_SetNbDataToProcess                0x08003ef9   Thumb Code    94  stm32g4xx_hal_uart_ex.o(i.UARTEx_SetNbDataToProcess)
    i.UART_AdvFeatureConfig                  0x08003f68   Section        0  stm32g4xx_hal_uart.o(i.UART_AdvFeatureConfig)
    i.UART_CheckIdleState                    0x08004060   Section        0  stm32g4xx_hal_uart.o(i.UART_CheckIdleState)
    i.UART_SetConfig                         0x080040d4   Section        0  stm32g4xx_hal_uart.o(i.UART_SetConfig)
    i.UART_WaitOnFlagUntilTimeout            0x08004ec4   Section        0  stm32g4xx_hal_uart.o(i.UART_WaitOnFlagUntilTimeout)
    i.UsageFault_Handler                     0x08004f30   Section        0  stm32g4xx_it.o(i.UsageFault_Handler)
    i.__NVIC_GetPriorityGrouping             0x08004f34   Section        0  stm32g4xx_hal_cortex.o(i.__NVIC_GetPriorityGrouping)
    __NVIC_GetPriorityGrouping               0x08004f35   Thumb Code    10  stm32g4xx_hal_cortex.o(i.__NVIC_GetPriorityGrouping)
    i.__NVIC_SetPriority                     0x08004f44   Section        0  stm32g4xx_hal_cortex.o(i.__NVIC_SetPriority)
    __NVIC_SetPriority                       0x08004f45   Thumb Code    32  stm32g4xx_hal_cortex.o(i.__NVIC_SetPriority)
    i.calcAmplitude                          0x08004f6c   Section        0  opamp.o(i.calcAmplitude)
    i.main                                   0x08005110   Section        0  main.o(i.main)
    i.opampHandle                            0x08005224   Section        0  opamp.o(i.opampHandle)
    x$fpl$fpinit                             0x08005230   Section       10  fpinit.o(x$fpl$fpinit)
    $v0                                      0x08005230   Number         0  fpinit.o(x$fpl$fpinit)
    .constdata                               0x0800523a   Section       24  system_stm32g4xx.o(.constdata)
    .data                                    0x20000000   Section       78  opamp.o(.data)
    opampGainList                            0x20000000   Data          48  opamp.o(.data)
    adcRangeBegin                            0x20000030   Data           2  opamp.o(.data)
    ucRise                                   0x20000032   Data           1  opamp.o(.data)
    lastValue                                0x20000034   Data           2  opamp.o(.data)
    .data                                    0x2000004e   Section        3  main.o(.data)
    .data                                    0x20000054   Section       12  stm32g4xx_hal.o(.data)
    .data                                    0x20000060   Section        4  system_stm32g4xx.o(.data)
    .bss                                     0x20000064   Section     2536  main.o(.bss)
    .bss                                     0x20000a4c   Section       96  libspace.o(.bss)
    HEAP                                     0x20000ab0   Section      512  startup_stm32g474xx.o(HEAP)
    Heap_Mem                                 0x20000ab0   Data         512  startup_stm32g474xx.o(HEAP)
    STACK                                    0x20000cb0   Section     1024  startup_stm32g474xx.o(STACK)
    Stack_Mem                                0x20000cb0   Data        1024  startup_stm32g474xx.o(STACK)
    __initial_sp                             0x200010b0   Data           0  startup_stm32g474xx.o(STACK)

    Global Symbols

    Symbol Name                              Value     Ov Type        Size  Object(Section)

    BuildAttributes$$THM_ISAv4$E$P$D$K$B$S$7EM$VFPi3$EXTD16$VFPS$VFMA$PE$A:L22UL41UL21$X:L11$S22US41US21$IEEE1$IW$USESV6$~STKCKD$USESV7$~SHL$OSPACE$ROPI$EBA8$UX$STANDARDLIB$REQ8$PRES8$EABIv2 0x00000000   Number         0  anon$$obj.o ABSOLUTE
    __ARM_use_no_argv                        0x00000000   Number         0  main.o ABSOLUTE
    __ARM_exceptions_init                     - Undefined Weak Reference
    __alloca_initialize                       - Undefined Weak Reference
    __arm_fini_                               - Undefined Weak Reference
    __arm_preinit_                            - Undefined Weak Reference
    __cpp_initialize__aeabi_                  - Undefined Weak Reference
    __cxa_finalize                            - Undefined Weak Reference
    __rt_locale                               - Undefined Weak Reference
    __sigvec_lookup                           - Undefined Weak Reference
    _atexit_init                              - Undefined Weak Reference
    _call_atexit_fns                          - Undefined Weak Reference
    _clock_init                               - Undefined Weak Reference
    _fp_trap_init                             - Undefined Weak Reference
    _fp_trap_shutdown                         - Undefined Weak Reference
    _get_lc_collate                           - Undefined Weak Reference
    _get_lc_ctype                             - Undefined Weak Reference
    _get_lc_monetary                          - Undefined Weak Reference
    _get_lc_numeric                           - Undefined Weak Reference
    _get_lc_time                              - Undefined Weak Reference
    _getenv_init                              - Undefined Weak Reference
    _handle_redirection                       - Undefined Weak Reference
    _init_alloc                               - Undefined Weak Reference
    _init_user_alloc                          - Undefined Weak Reference
    _initio                                   - Undefined Weak Reference
    _rand_init                                - Undefined Weak Reference
    _signal_finish                            - Undefined Weak Reference
    _signal_init                              - Undefined Weak Reference
    _terminate_alloc                          - Undefined Weak Reference
    _terminate_user_alloc                     - Undefined Weak Reference
    _terminateio                              - Undefined Weak Reference
    __Vectors_Size                           0x000001d8   Number         0  startup_stm32g474xx.o ABSOLUTE
    __Vectors                                0x08000000   Data           4  startup_stm32g474xx.o(RESET)
    __Vectors_End                            0x080001d8   Data           0  startup_stm32g474xx.o(RESET)
    __main                                   0x080001d9   Thumb Code     8  __main.o(!!!main)
    __scatterload                            0x080001e1   Thumb Code     0  __scatter.o(!!!scatter)
    __scatterload_rt2                        0x080001e1   Thumb Code    44  __scatter.o(!!!scatter)
    __scatterload_rt2_thumb_only             0x080001e1   Thumb Code     0  __scatter.o(!!!scatter)
    __scatterload_null                       0x080001ef   Thumb Code     0  __scatter.o(!!!scatter)
    __scatterload_copy                       0x08000215   Thumb Code    26  __scatter_copy.o(!!handler_copy)
    __scatterload_zeroinit                   0x08000231   Thumb Code    28  __scatter_zi.o(!!handler_zi)
    __rt_lib_init                            0x0800024d   Thumb Code     0  libinit.o(.ARM.Collect$$libinit$$00000000)
    __rt_lib_init_fp_1                       0x0800024f   Thumb Code     0  libinit2.o(.ARM.Collect$$libinit$$00000001)
    __rt_lib_init_alloca_1                   0x08000253   Thumb Code     0  libinit2.o(.ARM.Collect$$libinit$$0000002E)
    __rt_lib_init_argv_1                     0x08000253   Thumb Code     0  libinit2.o(.ARM.Collect$$libinit$$0000002C)
    __rt_lib_init_atexit_1                   0x08000253   Thumb Code     0  libinit2.o(.ARM.Collect$$libinit$$0000001B)
    __rt_lib_init_clock_1                    0x08000253   Thumb Code     0  libinit2.o(.ARM.Collect$$libinit$$00000021)
    __rt_lib_init_cpp_1                      0x08000253   Thumb Code     0  libinit2.o(.ARM.Collect$$libinit$$00000032)
    __rt_lib_init_exceptions_1               0x08000253   Thumb Code     0  libinit2.o(.ARM.Collect$$libinit$$00000030)
    __rt_lib_init_fp_trap_1                  0x08000253   Thumb Code     0  libinit2.o(.ARM.Collect$$libinit$$0000001F)
    __rt_lib_init_getenv_1                   0x08000253   Thumb Code     0  libinit2.o(.ARM.Collect$$libinit$$00000023)
    __rt_lib_init_heap_1                     0x08000253   Thumb Code     0  libinit2.o(.ARM.Collect$$libinit$$0000000A)
    __rt_lib_init_lc_collate_1               0x08000253   Thumb Code     0  libinit2.o(.ARM.Collect$$libinit$$00000011)
    __rt_lib_init_lc_ctype_1                 0x08000253   Thumb Code     0  libinit2.o(.ARM.Collect$$libinit$$00000013)
    __rt_lib_init_lc_monetary_1              0x08000253   Thumb Code     0  libinit2.o(.ARM.Collect$$libinit$$00000015)
    __rt_lib_init_lc_numeric_1               0x08000253   Thumb Code     0  libinit2.o(.ARM.Collect$$libinit$$00000017)
    __rt_lib_init_lc_time_1                  0x08000253   Thumb Code     0  libinit2.o(.ARM.Collect$$libinit$$00000019)
    __rt_lib_init_preinit_1                  0x08000253   Thumb Code     0  libinit2.o(.ARM.Collect$$libinit$$00000004)
    __rt_lib_init_rand_1                     0x08000253   Thumb Code     0  libinit2.o(.ARM.Collect$$libinit$$0000000E)
    __rt_lib_init_return                     0x08000253   Thumb Code     0  libinit2.o(.ARM.Collect$$libinit$$00000033)
    __rt_lib_init_signal_1                   0x08000253   Thumb Code     0  libinit2.o(.ARM.Collect$$libinit$$0000001D)
    __rt_lib_init_stdio_1                    0x08000253   Thumb Code     0  libinit2.o(.ARM.Collect$$libinit$$00000025)
    __rt_lib_init_user_alloc_1               0x08000253   Thumb Code     0  libinit2.o(.ARM.Collect$$libinit$$0000000C)
    __rt_lib_shutdown                        0x08000255   Thumb Code     0  libshutdown.o(.ARM.Collect$$libshutdown$$00000000)
    __rt_lib_shutdown_cpp_1                  0x08000257   Thumb Code     0  libshutdown2.o(.ARM.Collect$$libshutdown$$00000004)
    __rt_lib_shutdown_fini_1                 0x08000257   Thumb Code     0  libshutdown2.o(.ARM.Collect$$libshutdown$$00000002)
    __rt_lib_shutdown_fp_trap_1              0x08000257   Thumb Code     0  libshutdown2.o(.ARM.Collect$$libshutdown$$00000009)
    __rt_lib_shutdown_heap_1                 0x08000257   Thumb Code     0  libshutdown2.o(.ARM.Collect$$libshutdown$$00000011)
    __rt_lib_shutdown_return                 0x08000257   Thumb Code     0  libshutdown2.o(.ARM.Collect$$libshutdown$$00000012)
    __rt_lib_shutdown_signal_1               0x08000257   Thumb Code     0  libshutdown2.o(.ARM.Collect$$libshutdown$$0000000C)
    __rt_lib_shutdown_stdio_1                0x08000257   Thumb Code     0  libshutdown2.o(.ARM.Collect$$libshutdown$$00000006)
    __rt_lib_shutdown_user_alloc_1           0x08000257   Thumb Code     0  libshutdown2.o(.ARM.Collect$$libshutdown$$0000000E)
    __rt_entry                               0x08000259   Thumb Code     0  __rtentry.o(.ARM.Collect$$rtentry$$00000000)
    __rt_entry_presh_1                       0x08000259   Thumb Code     0  __rtentry2.o(.ARM.Collect$$rtentry$$00000002)
    __rt_entry_sh                            0x08000259   Thumb Code     0  __rtentry4.o(.ARM.Collect$$rtentry$$00000004)
    __rt_entry_li                            0x0800025f   Thumb Code     0  __rtentry2.o(.ARM.Collect$$rtentry$$0000000A)
    __rt_entry_postsh_1                      0x0800025f   Thumb Code     0  __rtentry2.o(.ARM.Collect$$rtentry$$00000009)
    __rt_entry_main                          0x08000263   Thumb Code     0  __rtentry2.o(.ARM.Collect$$rtentry$$0000000D)
    __rt_entry_postli_1                      0x08000263   Thumb Code     0  __rtentry2.o(.ARM.Collect$$rtentry$$0000000C)
    __rt_exit                                0x0800026b   Thumb Code     0  rtexit.o(.ARM.Collect$$rtexit$$00000000)
    __rt_exit_ls                             0x0800026d   Thumb Code     0  rtexit2.o(.ARM.Collect$$rtexit$$00000003)
    __rt_exit_prels_1                        0x0800026d   Thumb Code     0  rtexit2.o(.ARM.Collect$$rtexit$$00000002)
    __rt_exit_exit                           0x08000271   Thumb Code     0  rtexit2.o(.ARM.Collect$$rtexit$$00000004)
    Reset_Handler                            0x08000279   Thumb Code     8  startup_stm32g474xx.o(.text)
    ADC1_2_IRQHandler                        0x08000293   Thumb Code     0  startup_stm32g474xx.o(.text)
    ADC3_IRQHandler                          0x08000293   Thumb Code     0  startup_stm32g474xx.o(.text)
    ADC4_IRQHandler                          0x08000293   Thumb Code     0  startup_stm32g474xx.o(.text)
    ADC5_IRQHandler                          0x08000293   Thumb Code     0  startup_stm32g474xx.o(.text)
    COMP1_2_3_IRQHandler                     0x08000293   Thumb Code     0  startup_stm32g474xx.o(.text)
    COMP4_5_6_IRQHandler                     0x08000293   Thumb Code     0  startup_stm32g474xx.o(.text)
    COMP7_IRQHandler                         0x08000293   Thumb Code     0  startup_stm32g474xx.o(.text)
    CORDIC_IRQHandler                        0x08000293   Thumb Code     0  startup_stm32g474xx.o(.text)
    CRS_IRQHandler                           0x08000293   Thumb Code     0  startup_stm32g474xx.o(.text)
    DMA1_Channel2_IRQHandler                 0x08000293   Thumb Code     0  startup_stm32g474xx.o(.text)
    DMA1_Channel3_IRQHandler                 0x08000293   Thumb Code     0  startup_stm32g474xx.o(.text)
    DMA1_Channel4_IRQHandler                 0x08000293   Thumb Code     0  startup_stm32g474xx.o(.text)
    DMA1_Channel5_IRQHandler                 0x08000293   Thumb Code     0  startup_stm32g474xx.o(.text)
    DMA1_Channel6_IRQHandler                 0x08000293   Thumb Code     0  startup_stm32g474xx.o(.text)
    DMA1_Channel7_IRQHandler                 0x08000293   Thumb Code     0  startup_stm32g474xx.o(.text)
    DMA1_Channel8_IRQHandler                 0x08000293   Thumb Code     0  startup_stm32g474xx.o(.text)
    DMA2_Channel1_IRQHandler                 0x08000293   Thumb Code     0  startup_stm32g474xx.o(.text)
    DMA2_Channel2_IRQHandler                 0x08000293   Thumb Code     0  startup_stm32g474xx.o(.text)
    DMA2_Channel3_IRQHandler                 0x08000293   Thumb Code     0  startup_stm32g474xx.o(.text)
    DMA2_Channel4_IRQHandler                 0x08000293   Thumb Code     0  startup_stm32g474xx.o(.text)
    DMA2_Channel5_IRQHandler                 0x08000293   Thumb Code     0  startup_stm32g474xx.o(.text)
    DMA2_Channel6_IRQHandler                 0x08000293   Thumb Code     0  startup_stm32g474xx.o(.text)
    DMA2_Channel7_IRQHandler                 0x08000293   Thumb Code     0  startup_stm32g474xx.o(.text)
    DMA2_Channel8_IRQHandler                 0x08000293   Thumb Code     0  startup_stm32g474xx.o(.text)
    DMAMUX_OVR_IRQHandler                    0x08000293   Thumb Code     0  startup_stm32g474xx.o(.text)
    EXTI0_IRQHandler                         0x08000293   Thumb Code     0  startup_stm32g474xx.o(.text)
    EXTI1_IRQHandler                         0x08000293   Thumb Code     0  startup_stm32g474xx.o(.text)
    EXTI2_IRQHandler                         0x08000293   Thumb Code     0  startup_stm32g474xx.o(.text)
    EXTI3_IRQHandler                         0x08000293   Thumb Code     0  startup_stm32g474xx.o(.text)
    EXTI4_IRQHandler                         0x08000293   Thumb Code     0  startup_stm32g474xx.o(.text)
    EXTI9_5_IRQHandler                       0x08000293   Thumb Code     0  startup_stm32g474xx.o(.text)
    FDCAN1_IT0_IRQHandler                    0x08000293   Thumb Code     0  startup_stm32g474xx.o(.text)
    FDCAN1_IT1_IRQHandler                    0x08000293   Thumb Code     0  startup_stm32g474xx.o(.text)
    FDCAN2_IT0_IRQHandler                    0x08000293   Thumb Code     0  startup_stm32g474xx.o(.text)
    FDCAN2_IT1_IRQHandler                    0x08000293   Thumb Code     0  startup_stm32g474xx.o(.text)
    FDCAN3_IT0_IRQHandler                    0x08000293   Thumb Code     0  startup_stm32g474xx.o(.text)
    FDCAN3_IT1_IRQHandler                    0x08000293   Thumb Code     0  startup_stm32g474xx.o(.text)
    FLASH_IRQHandler                         0x08000293   Thumb Code     0  startup_stm32g474xx.o(.text)
    FMAC_IRQHandler                          0x08000293   Thumb Code     0  startup_stm32g474xx.o(.text)
    FMC_IRQHandler                           0x08000293   Thumb Code     0  startup_stm32g474xx.o(.text)
    FPU_IRQHandler                           0x08000293   Thumb Code     0  startup_stm32g474xx.o(.text)
    HRTIM1_FLT_IRQHandler                    0x08000293   Thumb Code     0  startup_stm32g474xx.o(.text)
    HRTIM1_Master_IRQHandler                 0x08000293   Thumb Code     0  startup_stm32g474xx.o(.text)
    HRTIM1_TIMA_IRQHandler                   0x08000293   Thumb Code     0  startup_stm32g474xx.o(.text)
    HRTIM1_TIMB_IRQHandler                   0x08000293   Thumb Code     0  startup_stm32g474xx.o(.text)
    HRTIM1_TIMC_IRQHandler                   0x08000293   Thumb Code     0  startup_stm32g474xx.o(.text)
    HRTIM1_TIMD_IRQHandler                   0x08000293   Thumb Code     0  startup_stm32g474xx.o(.text)
    HRTIM1_TIME_IRQHandler                   0x08000293   Thumb Code     0  startup_stm32g474xx.o(.text)
    HRTIM1_TIMF_IRQHandler                   0x08000293   Thumb Code     0  startup_stm32g474xx.o(.text)
    I2C1_ER_IRQHandler                       0x08000293   Thumb Code     0  startup_stm32g474xx.o(.text)
    I2C1_EV_IRQHandler                       0x08000293   Thumb Code     0  startup_stm32g474xx.o(.text)
    I2C2_ER_IRQHandler                       0x08000293   Thumb Code     0  startup_stm32g474xx.o(.text)
    I2C2_EV_IRQHandler                       0x08000293   Thumb Code     0  startup_stm32g474xx.o(.text)
    I2C3_ER_IRQHandler                       0x08000293   Thumb Code     0  startup_stm32g474xx.o(.text)
    I2C3_EV_IRQHandler                       0x08000293   Thumb Code     0  startup_stm32g474xx.o(.text)
    I2C4_ER_IRQHandler                       0x08000293   Thumb Code     0  startup_stm32g474xx.o(.text)
    I2C4_EV_IRQHandler                       0x08000293   Thumb Code     0  startup_stm32g474xx.o(.text)
    LPTIM1_IRQHandler                        0x08000293   Thumb Code     0  startup_stm32g474xx.o(.text)
    LPUART1_IRQHandler                       0x08000293   Thumb Code     0  startup_stm32g474xx.o(.text)
    PVD_PVM_IRQHandler                       0x08000293   Thumb Code     0  startup_stm32g474xx.o(.text)
    QUADSPI_IRQHandler                       0x08000293   Thumb Code     0  startup_stm32g474xx.o(.text)
    RCC_IRQHandler                           0x08000293   Thumb Code     0  startup_stm32g474xx.o(.text)
    RNG_IRQHandler                           0x08000293   Thumb Code     0  startup_stm32g474xx.o(.text)
    RTC_Alarm_IRQHandler                     0x08000293   Thumb Code     0  startup_stm32g474xx.o(.text)
    RTC_TAMP_LSECSS_IRQHandler               0x08000293   Thumb Code     0  startup_stm32g474xx.o(.text)
    RTC_WKUP_IRQHandler                      0x08000293   Thumb Code     0  startup_stm32g474xx.o(.text)
    SAI1_IRQHandler                          0x08000293   Thumb Code     0  startup_stm32g474xx.o(.text)
    SPI1_IRQHandler                          0x08000293   Thumb Code     0  startup_stm32g474xx.o(.text)
    SPI2_IRQHandler                          0x08000293   Thumb Code     0  startup_stm32g474xx.o(.text)
    SPI3_IRQHandler                          0x08000293   Thumb Code     0  startup_stm32g474xx.o(.text)
    SPI4_IRQHandler                          0x08000293   Thumb Code     0  startup_stm32g474xx.o(.text)
    TIM1_BRK_TIM15_IRQHandler                0x08000293   Thumb Code     0  startup_stm32g474xx.o(.text)
    TIM1_CC_IRQHandler                       0x08000293   Thumb Code     0  startup_stm32g474xx.o(.text)
    TIM1_TRG_COM_TIM17_IRQHandler            0x08000293   Thumb Code     0  startup_stm32g474xx.o(.text)
    TIM1_UP_TIM16_IRQHandler                 0x08000293   Thumb Code     0  startup_stm32g474xx.o(.text)
    TIM20_BRK_IRQHandler                     0x08000293   Thumb Code     0  startup_stm32g474xx.o(.text)
    TIM20_CC_IRQHandler                      0x08000293   Thumb Code     0  startup_stm32g474xx.o(.text)
    TIM20_TRG_COM_IRQHandler                 0x08000293   Thumb Code     0  startup_stm32g474xx.o(.text)
    TIM20_UP_IRQHandler                      0x08000293   Thumb Code     0  startup_stm32g474xx.o(.text)
    TIM2_IRQHandler                          0x08000293   Thumb Code     0  startup_stm32g474xx.o(.text)
    TIM4_IRQHandler                          0x08000293   Thumb Code     0  startup_stm32g474xx.o(.text)
    TIM5_IRQHandler                          0x08000293   Thumb Code     0  startup_stm32g474xx.o(.text)
    TIM6_DAC_IRQHandler                      0x08000293   Thumb Code     0  startup_stm32g474xx.o(.text)
    TIM7_DAC_IRQHandler                      0x08000293   Thumb Code     0  startup_stm32g474xx.o(.text)
    TIM8_BRK_IRQHandler                      0x08000293   Thumb Code     0  startup_stm32g474xx.o(.text)
    TIM8_CC_IRQHandler                       0x08000293   Thumb Code     0  startup_stm32g474xx.o(.text)
    TIM8_TRG_COM_IRQHandler                  0x08000293   Thumb Code     0  startup_stm32g474xx.o(.text)
    TIM8_UP_IRQHandler                       0x08000293   Thumb Code     0  startup_stm32g474xx.o(.text)
    UART4_IRQHandler                         0x08000293   Thumb Code     0  startup_stm32g474xx.o(.text)
    UART5_IRQHandler                         0x08000293   Thumb Code     0  startup_stm32g474xx.o(.text)
    UCPD1_IRQHandler                         0x08000293   Thumb Code     0  startup_stm32g474xx.o(.text)
    USART1_IRQHandler                        0x08000293   Thumb Code     0  startup_stm32g474xx.o(.text)
    USART2_IRQHandler                        0x08000293   Thumb Code     0  startup_stm32g474xx.o(.text)
    USART3_IRQHandler                        0x08000293   Thumb Code     0  startup_stm32g474xx.o(.text)
    USBWakeUp_IRQHandler                     0x08000293   Thumb Code     0  startup_stm32g474xx.o(.text)
    USB_HP_IRQHandler                        0x08000293   Thumb Code     0  startup_stm32g474xx.o(.text)
    USB_LP_IRQHandler                        0x08000293   Thumb Code     0  startup_stm32g474xx.o(.text)
    WWDG_IRQHandler                          0x08000293   Thumb Code     0  startup_stm32g474xx.o(.text)
    __user_initial_stackheap                 0x08000295   Thumb Code     0  startup_stm32g474xx.o(.text)
    __aeabi_uldivmod                         0x080002b9   Thumb Code     0  lludivv7m.o(.text)
    _ll_udiv                                 0x080002b9   Thumb Code   238  lludivv7m.o(.text)
    __aeabi_memclr4                          0x080003a7   Thumb Code     0  rt_memclr_w.o(.text)
    __aeabi_memclr8                          0x080003a7   Thumb Code     0  rt_memclr_w.o(.text)
    __rt_memclr_w                            0x080003a7   Thumb Code    78  rt_memclr_w.o(.text)
    _memset_w                                0x080003ab   Thumb Code     0  rt_memclr_w.o(.text)
    __use_two_region_memory                  0x080003f5   Thumb Code     2  heapauxi.o(.text)
    __rt_heap_escrow$2region                 0x080003f7   Thumb Code     2  heapauxi.o(.text)
    __rt_heap_expand$2region                 0x080003f9   Thumb Code     2  heapauxi.o(.text)
    __user_setup_stackheap                   0x080003fb   Thumb Code    74  sys_stackheap_outer.o(.text)
    exit                                     0x08000445   Thumb Code    18  exit.o(.text)
    __user_libspace                          0x08000459   Thumb Code     8  libspace.o(.text)
    __user_perproc_libspace                  0x08000459   Thumb Code     0  libspace.o(.text)
    __user_perthread_libspace                0x08000459   Thumb Code     0  libspace.o(.text)
    _sys_exit                                0x08000461   Thumb Code     8  sys_exit.o(.text)
    __I$use$semihosting                      0x0800046d   Thumb Code     0  use_no_semi.o(.text)
    __use_no_semihosting_swi                 0x0800046d   Thumb Code     2  use_no_semi.o(.text)
    ADC_DMAConvCplt                          0x0800046f   Thumb Code   146  stm32g4xx_hal_adc.o(i.ADC_DMAConvCplt)
    __semihosting_library_function           0x0800046f   Thumb Code     0  indicate_semi.o(.text)
    ADC_DMAError                             0x08000501   Thumb Code    30  stm32g4xx_hal_adc.o(i.ADC_DMAError)
    ADC_DMAHalfConvCplt                      0x0800051f   Thumb Code    14  stm32g4xx_hal_adc.o(i.ADC_DMAHalfConvCplt)
    ADC_Enable                               0x0800052d   Thumb Code   116  stm32g4xx_hal_adc.o(i.ADC_Enable)
    BusFault_Handler                         0x080005a5   Thumb Code     4  stm32g4xx_it.o(i.BusFault_Handler)
    DMA1_Channel1_IRQHandler                 0x080005a9   Thumb Code    10  stm32g4xx_it.o(i.DMA1_Channel1_IRQHandler)
    DebugMon_Handler                         0x08000661   Thumb Code     2  stm32g4xx_it.o(i.DebugMon_Handler)
    EXTI15_10_IRQHandler                     0x08000663   Thumb Code    12  stm32g4xx_it.o(i.EXTI15_10_IRQHandler)
    Error_Handler                            0x0800066f   Thumb Code     2  main.o(i.Error_Handler)
    HAL_ADC_ConfigChannel                    0x08000671   Thumb Code  1354  stm32g4xx_hal_adc.o(i.HAL_ADC_ConfigChannel)
    HAL_ADC_ConvCpltCallback                 0x08000bed   Thumb Code    16  opamp.o(i.HAL_ADC_ConvCpltCallback)
    HAL_ADC_ConvHalfCpltCallback             0x08000c01   Thumb Code    16  opamp.o(i.HAL_ADC_ConvHalfCpltCallback)
    HAL_ADC_ErrorCallback                    0x08000c15   Thumb Code     2  stm32g4xx_hal_adc.o(i.HAL_ADC_ErrorCallback)
    HAL_ADC_Init                             0x08000c19   Thumb Code   660  stm32g4xx_hal_adc.o(i.HAL_ADC_Init)
    HAL_ADC_MspInit                          0x08000ed9   Thumb Code   158  stm32g4xx_hal_msp.o(i.HAL_ADC_MspInit)
    HAL_ADC_Start                            0x08000f8d   Thumb Code   336  stm32g4xx_hal_adc.o(i.HAL_ADC_Start)
    HAL_ADC_Start_DMA                        0x080010f1   Thumb Code   290  stm32g4xx_hal_adc.o(i.HAL_ADC_Start_DMA)
    HAL_COMP_Init                            0x08001235   Thumb Code   796  stm32g4xx_hal_comp.o(i.HAL_COMP_Init)
    HAL_COMP_MspInit                         0x08001565   Thumb Code   126  stm32g4xx_hal_msp.o(i.HAL_COMP_MspInit)
    HAL_COMP_Start                           0x080015f5   Thumb Code    92  stm32g4xx_hal_comp.o(i.HAL_COMP_Start)
    HAL_DAC_ConfigChannel                    0x08001659   Thumb Code   588  stm32g4xx_hal_dac.o(i.HAL_DAC_ConfigChannel)
    HAL_DAC_Init                             0x080018ad   Thumb Code    40  stm32g4xx_hal_dac.o(i.HAL_DAC_Init)
    HAL_DAC_MspInit                          0x080018d5   Thumb Code   102  stm32g4xx_hal_msp.o(i.HAL_DAC_MspInit)
    HAL_DAC_SetValue                         0x08001945   Thumb Code    64  stm32g4xx_hal_dac.o(i.HAL_DAC_SetValue)
    HAL_DAC_Start                            0x08001985   Thumb Code   128  stm32g4xx_hal_dac.o(i.HAL_DAC_Start)
    HAL_DMA_IRQHandler                       0x08001a05   Thumb Code   254  stm32g4xx_hal_dma.o(i.HAL_DMA_IRQHandler)
    HAL_DMA_Init                             0x08001b05   Thumb Code   200  stm32g4xx_hal_dma.o(i.HAL_DMA_Init)
    HAL_DMA_Start_IT                         0x08001bd5   Thumb Code   194  stm32g4xx_hal_dma.o(i.HAL_DMA_Start_IT)
    HAL_Delay                                0x08001c99   Thumb Code    36  stm32g4xx_hal.o(i.HAL_Delay)
    HAL_GPIO_EXTI_Callback                   0x08001cc1   Thumb Code     2  stm32g4xx_hal_gpio.o(i.HAL_GPIO_EXTI_Callback)
    HAL_GPIO_EXTI_IRQHandler                 0x08001cc5   Thumb Code    24  stm32g4xx_hal_gpio.o(i.HAL_GPIO_EXTI_IRQHandler)
    HAL_GPIO_Init                            0x08001ce1   Thumb Code   438  stm32g4xx_hal_gpio.o(i.HAL_GPIO_Init)
    HAL_GPIO_WritePin                        0x08001eb9   Thumb Code    10  stm32g4xx_hal_gpio.o(i.HAL_GPIO_WritePin)
    HAL_GetTick                              0x08001ec5   Thumb Code     6  stm32g4xx_hal.o(i.HAL_GetTick)
    HAL_IncTick                              0x08001ed1   Thumb Code    16  stm32g4xx_hal.o(i.HAL_IncTick)
    HAL_Init                                 0x08001ee9   Thumb Code    30  stm32g4xx_hal.o(i.HAL_Init)
    HAL_InitTick                             0x08001f09   Thumb Code    74  stm32g4xx_hal.o(i.HAL_InitTick)
    HAL_MspInit                              0x08001f61   Thumb Code    74  stm32g4xx_hal_msp.o(i.HAL_MspInit)
    HAL_NVIC_EnableIRQ                       0x08001fb5   Thumb Code    32  stm32g4xx_hal_cortex.o(i.HAL_NVIC_EnableIRQ)
    HAL_NVIC_SetPriority                     0x08001fd5   Thumb Code   122  stm32g4xx_hal_cortex.o(i.HAL_NVIC_SetPriority)
    HAL_NVIC_SetPriorityGrouping             0x08002051   Thumb Code    32  stm32g4xx_hal_cortex.o(i.HAL_NVIC_SetPriorityGrouping)
    HAL_OPAMP_Init                           0x08002079   Thumb Code   330  stm32g4xx_hal_opamp.o(i.HAL_OPAMP_Init)
    HAL_OPAMP_MspInit                        0x080021cd   Thumb Code   122  stm32g4xx_hal_msp.o(i.HAL_OPAMP_MspInit)
    HAL_OPAMP_Start                          0x08002255   Thumb Code    54  stm32g4xx_hal_opamp.o(i.HAL_OPAMP_Start)
    HAL_PWREx_ControlVoltageScaling          0x0800228d   Thumb Code   268  stm32g4xx_hal_pwr_ex.o(i.HAL_PWREx_ControlVoltageScaling)
    HAL_RCCEx_PeriphCLKConfig                0x080023a5   Thumb Code  1048  stm32g4xx_hal_rcc_ex.o(i.HAL_RCCEx_PeriphCLKConfig)
    HAL_RCC_ClockConfig                      0x080027bd   Thumb Code   522  stm32g4xx_hal_rcc.o(i.HAL_RCC_ClockConfig)
    HAL_RCC_GetHCLKFreq                      0x080029e1   Thumb Code     6  stm32g4xx_hal_rcc.o(i.HAL_RCC_GetHCLKFreq)
    HAL_RCC_GetPCLK1Freq                     0x080029ed   Thumb Code    26  stm32g4xx_hal_rcc.o(i.HAL_RCC_GetPCLK1Freq)
    HAL_RCC_GetPCLK2Freq                     0x08002a11   Thumb Code    26  stm32g4xx_hal_rcc.o(i.HAL_RCC_GetPCLK2Freq)
    HAL_RCC_GetSysClockFreq                  0x08002a35   Thumb Code   138  stm32g4xx_hal_rcc.o(i.HAL_RCC_GetSysClockFreq)
    HAL_RCC_OscConfig                        0x08002acd   Thumb Code  1370  stm32g4xx_hal_rcc.o(i.HAL_RCC_OscConfig)
    HAL_SYSTICK_Config                       0x08003035   Thumb Code    52  stm32g4xx_hal_cortex.o(i.HAL_SYSTICK_Config)
    HAL_TIMEx_Break2Callback                 0x08003069   Thumb Code     2  stm32g4xx_hal_tim_ex.o(i.HAL_TIMEx_Break2Callback)
    HAL_TIMEx_BreakCallback                  0x0800306b   Thumb Code     2  stm32g4xx_hal_tim_ex.o(i.HAL_TIMEx_BreakCallback)
    HAL_TIMEx_CommutCallback                 0x0800306d   Thumb Code     2  stm32g4xx_hal_tim_ex.o(i.HAL_TIMEx_CommutCallback)
    HAL_TIMEx_DirectionChangeCallback        0x0800306f   Thumb Code     2  stm32g4xx_hal_tim_ex.o(i.HAL_TIMEx_DirectionChangeCallback)
    HAL_TIMEx_EncoderIndexCallback           0x08003071   Thumb Code     2  stm32g4xx_hal_tim_ex.o(i.HAL_TIMEx_EncoderIndexCallback)
    HAL_TIMEx_IndexErrorCallback             0x08003073   Thumb Code     2  stm32g4xx_hal_tim_ex.o(i.HAL_TIMEx_IndexErrorCallback)
    HAL_TIMEx_MasterConfigSynchronization    0x08003075   Thumb Code   182  stm32g4xx_hal_tim_ex.o(i.HAL_TIMEx_MasterConfigSynchronization)
    HAL_TIMEx_TransitionErrorCallback        0x0800314d   Thumb Code     2  stm32g4xx_hal_tim_ex.o(i.HAL_TIMEx_TransitionErrorCallback)
    HAL_TIM_Base_Init                        0x0800314f   Thumb Code   110  stm32g4xx_hal_tim.o(i.HAL_TIM_Base_Init)
    HAL_TIM_Base_MspInit                     0x080031bd   Thumb Code    58  stm32g4xx_hal_msp.o(i.HAL_TIM_Base_MspInit)
    HAL_TIM_Base_Start_IT                    0x08003201   Thumb Code    68  stm32g4xx_hal_tim.o(i.HAL_TIM_Base_Start_IT)
    HAL_TIM_ConfigClockSource                0x08003249   Thumb Code   308  stm32g4xx_hal_tim.o(i.HAL_TIM_ConfigClockSource)
    HAL_TIM_IC_CaptureCallback               0x08003381   Thumb Code     2  stm32g4xx_hal_tim.o(i.HAL_TIM_IC_CaptureCallback)
    HAL_TIM_IRQHandler                       0x08003383   Thumb Code   576  stm32g4xx_hal_tim.o(i.HAL_TIM_IRQHandler)
    HAL_TIM_OC_DelayElapsedCallback          0x080035c3   Thumb Code     2  stm32g4xx_hal_tim.o(i.HAL_TIM_OC_DelayElapsedCallback)
    HAL_TIM_PWM_PulseFinishedCallback        0x080035c5   Thumb Code     2  stm32g4xx_hal_tim.o(i.HAL_TIM_PWM_PulseFinishedCallback)
    HAL_TIM_PeriodElapsedCallback            0x080035c7   Thumb Code     2  opamp.o(i.HAL_TIM_PeriodElapsedCallback)
    HAL_TIM_TriggerCallback                  0x080035c9   Thumb Code     2  stm32g4xx_hal_tim.o(i.HAL_TIM_TriggerCallback)
    HAL_UARTEx_DisableFifoMode               0x080035cb   Thumb Code    78  stm32g4xx_hal_uart_ex.o(i.HAL_UARTEx_DisableFifoMode)
    HAL_UARTEx_SetRxFifoThreshold            0x08003619   Thumb Code    94  stm32g4xx_hal_uart_ex.o(i.HAL_UARTEx_SetRxFifoThreshold)
    HAL_UARTEx_SetTxFifoThreshold            0x08003677   Thumb Code    94  stm32g4xx_hal_uart_ex.o(i.HAL_UARTEx_SetTxFifoThreshold)
    HAL_UART_Init                            0x080036d5   Thumb Code   120  stm32g4xx_hal_uart.o(i.HAL_UART_Init)
    HAL_UART_MspInit                         0x0800374d   Thumb Code   108  stm32g4xx_hal_msp.o(i.HAL_UART_MspInit)
    HardFault_Handler                        0x080037c1   Thumb Code     4  stm32g4xx_it.o(i.HardFault_Handler)
    MemManage_Handler                        0x08003c65   Thumb Code     4  stm32g4xx_it.o(i.MemManage_Handler)
    NMI_Handler                              0x08003c69   Thumb Code     2  stm32g4xx_it.o(i.NMI_Handler)
    PendSV_Handler                           0x08003c6b   Thumb Code     2  stm32g4xx_it.o(i.PendSV_Handler)
    SVC_Handler                              0x08003cd5   Thumb Code     2  stm32g4xx_it.o(i.SVC_Handler)
    SysTick_Handler                          0x08003cd7   Thumb Code     8  stm32g4xx_it.o(i.SysTick_Handler)
    SystemClock_Config                       0x08003cdf   Thumb Code   142  main.o(i.SystemClock_Config)
    SystemInit                               0x08003d6d   Thumb Code    24  system_stm32g4xx.o(i.SystemInit)
    TIM3_IRQHandler                          0x08003d89   Thumb Code    10  stm32g4xx_it.o(i.TIM3_IRQHandler)
    TIM_Base_SetConfig                       0x08003d99   Thumb Code   188  stm32g4xx_hal_tim.o(i.TIM_Base_SetConfig)
    TIM_ETR_SetConfig                        0x08003e79   Thumb Code    22  stm32g4xx_hal_tim.o(i.TIM_ETR_SetConfig)
    UART_AdvFeatureConfig                    0x08003f69   Thumb Code   248  stm32g4xx_hal_uart.o(i.UART_AdvFeatureConfig)
    UART_CheckIdleState                      0x08004061   Thumb Code   116  stm32g4xx_hal_uart.o(i.UART_CheckIdleState)
    UART_SetConfig                           0x080040d5   Thumb Code  3562  stm32g4xx_hal_uart.o(i.UART_SetConfig)
    UART_WaitOnFlagUntilTimeout              0x08004ec5   Thumb Code   108  stm32g4xx_hal_uart.o(i.UART_WaitOnFlagUntilTimeout)
    UsageFault_Handler                       0x08004f31   Thumb Code     4  stm32g4xx_it.o(i.UsageFault_Handler)
    calcAmplitude                            0x08004f6d   Thumb Code   370  opamp.o(i.calcAmplitude)
    main                                     0x08005111   Thumb Code   240  main.o(i.main)
    opampHandle                              0x08005225   Thumb Code     8  opamp.o(i.opampHandle)
    _fp_init                                 0x08005231   Thumb Code    10  fpinit.o(x$fpl$fpinit)
    __fplib_config_fpu_vfp                   0x08005239   Thumb Code     0  fpinit.o(x$fpl$fpinit)
    __fplib_config_pureend_doubles           0x08005239   Thumb Code     0  fpinit.o(x$fpl$fpinit)
    AHBPrescTable                            0x0800523a   Data          16  system_stm32g4xx.o(.constdata)
    APBPrescTable                            0x0800524a   Data           8  system_stm32g4xx.o(.constdata)
    Region$$Table$$Base                      0x08005254   Number         0  anon$$obj.o(Region$$Table)
    Region$$Table$$Limit                     0x08005274   Number         0  anon$$obj.o(Region$$Table)
    maxValue                                 0x20000036   Data           2  opamp.o(.data)
    actMaxValue                              0x20000038   Data           2  opamp.o(.data)
    avgMaxValue                              0x2000003a   Data           2  opamp.o(.data)
    midValue                                 0x2000003c   Data           4  opamp.o(.data)
    dAvgMaxValue                             0x20000040   Data           4  opamp.o(.data)
    lAvgValue                                0x20000044   Data           4  opamp.o(.data)
    lAvgMaxValue                             0x20000048   Data           4  opamp.o(.data)
    iAvgValue                                0x2000004c   Data           2  opamp.o(.data)
    value_dac                                0x2000004e   Data           2  main.o(.data)
    ucRise                                   0x20000050   Data           1  main.o(.data)
    uwTick                                   0x20000054   Data           4  stm32g4xx_hal.o(.data)
    uwTickPrio                               0x20000058   Data           4  stm32g4xx_hal.o(.data)
    uwTickFreq                               0x2000005c   Data           4  stm32g4xx_hal.o(.data)
    SystemCoreClock                          0x20000060   Data           4  system_stm32g4xx.o(.data)
    hadc2                                    0x20000064   Data         108  main.o(.bss)
    hdma_adc2                                0x200000d0   Data          96  main.o(.bss)
    hcomp6                                   0x20000130   Data          36  main.o(.bss)
    hdac2                                    0x20000154   Data          20  main.o(.bss)
    hlpuart1                                 0x20000168   Data         140  main.o(.bss)
    hopamp3                                  0x200001f4   Data          60  main.o(.bss)
    htim3                                    0x20000230   Data          76  main.o(.bss)
    value_adc                                0x2000027c   Data        2000  main.o(.bss)
    __libspace_start                         0x20000a4c   Data          96  libspace.o(.bss)
    __temporary_stack_top$libspace           0x20000aac   Data           0  libspace.o(.bss)



==============================================================================

Memory Map of the image

  Image Entry point : 0x080001d9

  Load Region LR_IROM1 (Base: 0x08000000, Size: 0x000052d8, Max: 0x00080000, ABSOLUTE)

    Execution Region ER_IROM1 (Exec base: 0x08000000, Load base: 0x08000000, Size: 0x00005274, Max: 0x00080000, ABSOLUTE)

    Exec Addr    Load Addr    Size         Type   Attr      Idx    E Section Name        Object

    0x08000000   0x08000000   0x000001d8   Data   RO            3    RESET               startup_stm32g474xx.o
    0x080001d8   0x080001d8   0x00000008   Code   RO         4751  * !!!main             c_w.l(__main.o)
    0x080001e0   0x080001e0   0x00000034   Code   RO         4920    !!!scatter          c_w.l(__scatter.o)
    0x08000214   0x08000214   0x0000001a   Code   RO         4922    !!handler_copy      c_w.l(__scatter_copy.o)
    0x0800022e   0x0800022e   0x00000002   PAD
    0x08000230   0x08000230   0x0000001c   Code   RO         4924    !!handler_zi        c_w.l(__scatter_zi.o)
    0x0800024c   0x0800024c   0x00000002   Code   RO         4788    .ARM.Collect$$libinit$$00000000  c_w.l(libinit.o)
    0x0800024e   0x0800024e   0x00000004   Code   RO         4800    .ARM.Collect$$libinit$$00000001  c_w.l(libinit2.o)
    0x08000252   0x08000252   0x00000000   Code   RO         4803    .ARM.Collect$$libinit$$00000004  c_w.l(libinit2.o)
    0x08000252   0x08000252   0x00000000   Code   RO         4806    .ARM.Collect$$libinit$$0000000A  c_w.l(libinit2.o)
    0x08000252   0x08000252   0x00000000   Code   RO         4808    .ARM.Collect$$libinit$$0000000C  c_w.l(libinit2.o)
    0x08000252   0x08000252   0x00000000   Code   RO         4810    .ARM.Collect$$libinit$$0000000E  c_w.l(libinit2.o)
    0x08000252   0x08000252   0x00000000   Code   RO         4813    .ARM.Collect$$libinit$$00000011  c_w.l(libinit2.o)
    0x08000252   0x08000252   0x00000000   Code   RO         4815    .ARM.Collect$$libinit$$00000013  c_w.l(libinit2.o)
    0x08000252   0x08000252   0x00000000   Code   RO         4817    .ARM.Collect$$libinit$$00000015  c_w.l(libinit2.o)
    0x08000252   0x08000252   0x00000000   Code   RO         4819    .ARM.Collect$$libinit$$00000017  c_w.l(libinit2.o)
    0x08000252   0x08000252   0x00000000   Code   RO         4821    .ARM.Collect$$libinit$$00000019  c_w.l(libinit2.o)
    0x08000252   0x08000252   0x00000000   Code   RO         4823    .ARM.Collect$$libinit$$0000001B  c_w.l(libinit2.o)
    0x08000252   0x08000252   0x00000000   Code   RO         4825    .ARM.Collect$$libinit$$0000001D  c_w.l(libinit2.o)
    0x08000252   0x08000252   0x00000000   Code   RO         4827    .ARM.Collect$$libinit$$0000001F  c_w.l(libinit2.o)
    0x08000252   0x08000252   0x00000000   Code   RO         4829    .ARM.Collect$$libinit$$00000021  c_w.l(libinit2.o)
    0x08000252   0x08000252   0x00000000   Code   RO         4831    .ARM.Collect$$libinit$$00000023  c_w.l(libinit2.o)
    0x08000252   0x08000252   0x00000000   Code   RO         4833    .ARM.Collect$$libinit$$00000025  c_w.l(libinit2.o)
    0x08000252   0x08000252   0x00000000   Code   RO         4837    .ARM.Collect$$libinit$$0000002C  c_w.l(libinit2.o)
    0x08000252   0x08000252   0x00000000   Code   RO         4839    .ARM.Collect$$libinit$$0000002E  c_w.l(libinit2.o)
    0x08000252   0x08000252   0x00000000   Code   RO         4841    .ARM.Collect$$libinit$$00000030  c_w.l(libinit2.o)
    0x08000252   0x08000252   0x00000000   Code   RO         4843    .ARM.Collect$$libinit$$00000032  c_w.l(libinit2.o)
    0x08000252   0x08000252   0x00000002   Code   RO         4844    .ARM.Collect$$libinit$$00000033  c_w.l(libinit2.o)
    0x08000254   0x08000254   0x00000002   Code   RO         4875    .ARM.Collect$$libshutdown$$00000000  c_w.l(libshutdown.o)
    0x08000256   0x08000256   0x00000000   Code   RO         4901    .ARM.Collect$$libshutdown$$00000002  c_w.l(libshutdown2.o)
    0x08000256   0x08000256   0x00000000   Code   RO         4903    .ARM.Collect$$libshutdown$$00000004  c_w.l(libshutdown2.o)
    0x08000256   0x08000256   0x00000000   Code   RO         4905    .ARM.Collect$$libshutdown$$00000006  c_w.l(libshutdown2.o)
    0x08000256   0x08000256   0x00000000   Code   RO         4908    .ARM.Collect$$libshutdown$$00000009  c_w.l(libshutdown2.o)
    0x08000256   0x08000256   0x00000000   Code   RO         4911    .ARM.Collect$$libshutdown$$0000000C  c_w.l(libshutdown2.o)
    0x08000256   0x08000256   0x00000000   Code   RO         4913    .ARM.Collect$$libshutdown$$0000000E  c_w.l(libshutdown2.o)
    0x08000256   0x08000256   0x00000000   Code   RO         4916    .ARM.Collect$$libshutdown$$00000011  c_w.l(libshutdown2.o)
    0x08000256   0x08000256   0x00000002   Code   RO         4917    .ARM.Collect$$libshutdown$$00000012  c_w.l(libshutdown2.o)
    0x08000258   0x08000258   0x00000000   Code   RO         4753    .ARM.Collect$$rtentry$$00000000  c_w.l(__rtentry.o)
    0x08000258   0x08000258   0x00000000   Code   RO         4759    .ARM.Collect$$rtentry$$00000002  c_w.l(__rtentry2.o)
    0x08000258   0x08000258   0x00000006   Code   RO         4771    .ARM.Collect$$rtentry$$00000004  c_w.l(__rtentry4.o)
    0x0800025e   0x0800025e   0x00000000   Code   RO         4761    .ARM.Collect$$rtentry$$00000009  c_w.l(__rtentry2.o)
    0x0800025e   0x0800025e   0x00000004   Code   RO         4762    .ARM.Collect$$rtentry$$0000000A  c_w.l(__rtentry2.o)
    0x08000262   0x08000262   0x00000000   Code   RO         4764    .ARM.Collect$$rtentry$$0000000C  c_w.l(__rtentry2.o)
    0x08000262   0x08000262   0x00000008   Code   RO         4765    .ARM.Collect$$rtentry$$0000000D  c_w.l(__rtentry2.o)
    0x0800026a   0x0800026a   0x00000002   Code   RO         4792    .ARM.Collect$$rtexit$$00000000  c_w.l(rtexit.o)
    0x0800026c   0x0800026c   0x00000000   Code   RO         4848    .ARM.Collect$$rtexit$$00000002  c_w.l(rtexit2.o)
    0x0800026c   0x0800026c   0x00000004   Code   RO         4849    .ARM.Collect$$rtexit$$00000003  c_w.l(rtexit2.o)
    0x08000270   0x08000270   0x00000006   Code   RO         4850    .ARM.Collect$$rtexit$$00000004  c_w.l(rtexit2.o)
    0x08000276   0x08000276   0x00000002   PAD
    0x08000278   0x08000278   0x00000040   Code   RO            4    .text               startup_stm32g474xx.o
    0x080002b8   0x080002b8   0x000000ee   Code   RO         4745    .text               c_w.l(lludivv7m.o)
    0x080003a6   0x080003a6   0x0000004e   Code   RO         4747    .text               c_w.l(rt_memclr_w.o)
    0x080003f4   0x080003f4   0x00000006   Code   RO         4749    .text               c_w.l(heapauxi.o)
    0x080003fa   0x080003fa   0x0000004a   Code   RO         4775    .text               c_w.l(sys_stackheap_outer.o)
    0x08000444   0x08000444   0x00000012   Code   RO         4777    .text               c_w.l(exit.o)
    0x08000456   0x08000456   0x00000002   PAD
    0x08000458   0x08000458   0x00000008   Code   RO         4789    .text               c_w.l(libspace.o)
    0x08000460   0x08000460   0x0000000c   Code   RO         4845    .text               c_w.l(sys_exit.o)
    0x0800046c   0x0800046c   0x00000002   Code   RO         4864    .text               c_w.l(use_no_semi.o)
    0x0800046e   0x0800046e   0x00000000   Code   RO         4866    .text               c_w.l(indicate_semi.o)
    0x0800046e   0x0800046e   0x00000092   Code   RO          549    i.ADC_DMAConvCplt   stm32g4xx_hal_adc.o
    0x08000500   0x08000500   0x0000001e   Code   RO          550    i.ADC_DMAError      stm32g4xx_hal_adc.o
    0x0800051e   0x0800051e   0x0000000e   Code   RO          551    i.ADC_DMAHalfConvCplt  stm32g4xx_hal_adc.o
    0x0800052c   0x0800052c   0x00000078   Code   RO          553    i.ADC_Enable        stm32g4xx_hal_adc.o
    0x080005a4   0x080005a4   0x00000004   Code   RO          288    i.BusFault_Handler  stm32g4xx_it.o
    0x080005a8   0x080005a8   0x00000010   Code   RO          289    i.DMA1_Channel1_IRQHandler  stm32g4xx_it.o
    0x080005b8   0x080005b8   0x00000044   Code   RO         1903    i.DMA_CalcDMAMUXChannelBaseAndMask  stm32g4xx_hal_dma.o
    0x080005fc   0x080005fc   0x00000024   Code   RO         1904    i.DMA_CalcDMAMUXRequestGenBaseAndMask  stm32g4xx_hal_dma.o
    0x08000620   0x08000620   0x00000040   Code   RO         1905    i.DMA_SetConfig     stm32g4xx_hal_dma.o
    0x08000660   0x08000660   0x00000002   Code   RO          290    i.DebugMon_Handler  stm32g4xx_it.o
    0x08000662   0x08000662   0x0000000c   Code   RO          291    i.EXTI15_10_IRQHandler  stm32g4xx_it.o
    0x0800066e   0x0800066e   0x00000002   Code   RO          205    i.Error_Handler     main.o
    0x08000670   0x08000670   0x0000057c   Code   RO          555    i.HAL_ADC_ConfigChannel  stm32g4xx_hal_adc.o
    0x08000bec   0x08000bec   0x00000014   Code   RO           13    i.HAL_ADC_ConvCpltCallback  opamp.o
    0x08000c00   0x08000c00   0x00000014   Code   RO           14    i.HAL_ADC_ConvHalfCpltCallback  opamp.o
    0x08000c14   0x08000c14   0x00000002   Code   RO          559    i.HAL_ADC_ErrorCallback  stm32g4xx_hal_adc.o
    0x08000c16   0x08000c16   0x00000002   PAD
    0x08000c18   0x08000c18   0x000002c0   Code   RO          564    i.HAL_ADC_Init      stm32g4xx_hal_adc.o
    0x08000ed8   0x08000ed8   0x000000b4   Code   RO          383    i.HAL_ADC_MspInit   stm32g4xx_hal_msp.o
    0x08000f8c   0x08000f8c   0x00000164   Code   RO          570    i.HAL_ADC_Start     stm32g4xx_hal_adc.o
    0x080010f0   0x080010f0   0x00000144   Code   RO          572    i.HAL_ADC_Start_DMA  stm32g4xx_hal_adc.o
    0x08001234   0x08001234   0x00000330   Code   RO         2555    i.HAL_COMP_Init     stm32g4xx_hal_comp.o
    0x08001564   0x08001564   0x00000090   Code   RO          385    i.HAL_COMP_MspInit  stm32g4xx_hal_msp.o
    0x080015f4   0x080015f4   0x00000064   Code   RO         2559    i.HAL_COMP_Start    stm32g4xx_hal_comp.o
    0x08001658   0x08001658   0x00000254   Code   RO         2676    i.HAL_DAC_ConfigChannel  stm32g4xx_hal_dac.o
    0x080018ac   0x080018ac   0x00000028   Code   RO         2686    i.HAL_DAC_Init      stm32g4xx_hal_dac.o
    0x080018d4   0x080018d4   0x00000070   Code   RO          387    i.HAL_DAC_MspInit   stm32g4xx_hal_msp.o
    0x08001944   0x08001944   0x00000040   Code   RO         2689    i.HAL_DAC_SetValue  stm32g4xx_hal_dac.o
    0x08001984   0x08001984   0x00000080   Code   RO         2690    i.HAL_DAC_Start     stm32g4xx_hal_dac.o
    0x08001a04   0x08001a04   0x000000fe   Code   RO         1911    i.HAL_DMA_IRQHandler  stm32g4xx_hal_dma.o
    0x08001b02   0x08001b02   0x00000002   PAD
    0x08001b04   0x08001b04   0x000000d0   Code   RO         1912    i.HAL_DMA_Init      stm32g4xx_hal_dma.o
    0x08001bd4   0x08001bd4   0x000000c2   Code   RO         1916    i.HAL_DMA_Start_IT  stm32g4xx_hal_dma.o
    0x08001c96   0x08001c96   0x00000002   PAD
    0x08001c98   0x08001c98   0x00000028   Code   RO         1077    i.HAL_Delay         stm32g4xx_hal.o
    0x08001cc0   0x08001cc0   0x00000002   Code   RO          483    i.HAL_GPIO_EXTI_Callback  stm32g4xx_hal_gpio.o
    0x08001cc2   0x08001cc2   0x00000002   PAD
    0x08001cc4   0x08001cc4   0x0000001c   Code   RO          484    i.HAL_GPIO_EXTI_IRQHandler  stm32g4xx_hal_gpio.o
    0x08001ce0   0x08001ce0   0x000001d8   Code   RO          485    i.HAL_GPIO_Init     stm32g4xx_hal_gpio.o
    0x08001eb8   0x08001eb8   0x0000000a   Code   RO          489    i.HAL_GPIO_WritePin  stm32g4xx_hal_gpio.o
    0x08001ec2   0x08001ec2   0x00000002   PAD
    0x08001ec4   0x08001ec4   0x0000000c   Code   RO         1081    i.HAL_GetTick       stm32g4xx_hal.o
    0x08001ed0   0x08001ed0   0x00000018   Code   RO         1084    i.HAL_IncTick       stm32g4xx_hal.o
    0x08001ee8   0x08001ee8   0x0000001e   Code   RO         1085    i.HAL_Init          stm32g4xx_hal.o
    0x08001f06   0x08001f06   0x00000002   PAD
    0x08001f08   0x08001f08   0x00000058   Code   RO         1086    i.HAL_InitTick      stm32g4xx_hal.o
    0x08001f60   0x08001f60   0x00000054   Code   RO          388    i.HAL_MspInit       stm32g4xx_hal_msp.o
    0x08001fb4   0x08001fb4   0x00000020   Code   RO         2415    i.HAL_NVIC_EnableIRQ  stm32g4xx_hal_cortex.o
    0x08001fd4   0x08001fd4   0x0000007a   Code   RO         2421    i.HAL_NVIC_SetPriority  stm32g4xx_hal_cortex.o
    0x0800204e   0x0800204e   0x00000002   PAD
    0x08002050   0x08002050   0x00000028   Code   RO         2422    i.HAL_NVIC_SetPriorityGrouping  stm32g4xx_hal_cortex.o
    0x08002078   0x08002078   0x00000154   Code   RO         3445    i.HAL_OPAMP_Init    stm32g4xx_hal_opamp.o
    0x080021cc   0x080021cc   0x00000088   Code   RO          390    i.HAL_OPAMP_MspInit  stm32g4xx_hal_msp.o
    0x08002254   0x08002254   0x00000036   Code   RO         3451    i.HAL_OPAMP_Start   stm32g4xx_hal_opamp.o
    0x0800228a   0x0800228a   0x00000002   PAD
    0x0800228c   0x0800228c   0x00000118   Code   RO         2171    i.HAL_PWREx_ControlVoltageScaling  stm32g4xx_hal_pwr_ex.o
    0x080023a4   0x080023a4   0x00000418   Code   RO         1435    i.HAL_RCCEx_PeriphCLKConfig  stm32g4xx_hal_rcc_ex.o
    0x080027bc   0x080027bc   0x00000224   Code   RO         1305    i.HAL_RCC_ClockConfig  stm32g4xx_hal_rcc.o
    0x080029e0   0x080029e0   0x0000000c   Code   RO         1311    i.HAL_RCC_GetHCLKFreq  stm32g4xx_hal_rcc.o
    0x080029ec   0x080029ec   0x00000024   Code   RO         1313    i.HAL_RCC_GetPCLK1Freq  stm32g4xx_hal_rcc.o
    0x08002a10   0x08002a10   0x00000024   Code   RO         1314    i.HAL_RCC_GetPCLK2Freq  stm32g4xx_hal_rcc.o
    0x08002a34   0x08002a34   0x00000098   Code   RO         1315    i.HAL_RCC_GetSysClockFreq  stm32g4xx_hal_rcc.o
    0x08002acc   0x08002acc   0x00000568   Code   RO         1318    i.HAL_RCC_OscConfig  stm32g4xx_hal_rcc.o
    0x08003034   0x08003034   0x00000034   Code   RO         2426    i.HAL_SYSTICK_Config  stm32g4xx_hal_cortex.o
    0x08003068   0x08003068   0x00000002   Code   RO         4277    i.HAL_TIMEx_Break2Callback  stm32g4xx_hal_tim_ex.o
    0x0800306a   0x0800306a   0x00000002   Code   RO         4278    i.HAL_TIMEx_BreakCallback  stm32g4xx_hal_tim_ex.o
    0x0800306c   0x0800306c   0x00000002   Code   RO         4279    i.HAL_TIMEx_CommutCallback  stm32g4xx_hal_tim_ex.o
    0x0800306e   0x0800306e   0x00000002   Code   RO         4290    i.HAL_TIMEx_DirectionChangeCallback  stm32g4xx_hal_tim_ex.o
    0x08003070   0x08003070   0x00000002   Code   RO         4304    i.HAL_TIMEx_EncoderIndexCallback  stm32g4xx_hal_tim_ex.o
    0x08003072   0x08003072   0x00000002   Code   RO         4318    i.HAL_TIMEx_IndexErrorCallback  stm32g4xx_hal_tim_ex.o
    0x08003074   0x08003074   0x000000d8   Code   RO         4319    i.HAL_TIMEx_MasterConfigSynchronization  stm32g4xx_hal_tim_ex.o
    0x0800314c   0x0800314c   0x00000002   Code   RO         4340    i.HAL_TIMEx_TransitionErrorCallback  stm32g4xx_hal_tim_ex.o
    0x0800314e   0x0800314e   0x0000006e   Code   RO         3552    i.HAL_TIM_Base_Init  stm32g4xx_hal_tim.o
    0x080031bc   0x080031bc   0x00000044   Code   RO          392    i.HAL_TIM_Base_MspInit  stm32g4xx_hal_msp.o
    0x08003200   0x08003200   0x00000048   Code   RO         3557    i.HAL_TIM_Base_Start_IT  stm32g4xx_hal_tim.o
    0x08003248   0x08003248   0x00000138   Code   RO         3561    i.HAL_TIM_ConfigClockSource  stm32g4xx_hal_tim.o
    0x08003380   0x08003380   0x00000002   Code   RO         3586    i.HAL_TIM_IC_CaptureCallback  stm32g4xx_hal_tim.o
    0x08003382   0x08003382   0x00000240   Code   RO         3600    i.HAL_TIM_IRQHandler  stm32g4xx_hal_tim.o
    0x080035c2   0x080035c2   0x00000002   Code   RO         3603    i.HAL_TIM_OC_DelayElapsedCallback  stm32g4xx_hal_tim.o
    0x080035c4   0x080035c4   0x00000002   Code   RO         3630    i.HAL_TIM_PWM_PulseFinishedCallback  stm32g4xx_hal_tim.o
    0x080035c6   0x080035c6   0x00000002   Code   RO           15    i.HAL_TIM_PeriodElapsedCallback  opamp.o
    0x080035c8   0x080035c8   0x00000002   Code   RO         3643    i.HAL_TIM_TriggerCallback  stm32g4xx_hal_tim.o
    0x080035ca   0x080035ca   0x0000004e   Code   RO         3344    i.HAL_UARTEx_DisableFifoMode  stm32g4xx_hal_uart_ex.o
    0x08003618   0x08003618   0x0000005e   Code   RO         3349    i.HAL_UARTEx_SetRxFifoThreshold  stm32g4xx_hal_uart_ex.o
    0x08003676   0x08003676   0x0000005e   Code   RO         3350    i.HAL_UARTEx_SetTxFifoThreshold  stm32g4xx_hal_uart_ex.o
    0x080036d4   0x080036d4   0x00000078   Code   RO         2987    i.HAL_UART_Init     stm32g4xx_hal_uart.o
    0x0800374c   0x0800374c   0x00000074   Code   RO          394    i.HAL_UART_MspInit  stm32g4xx_hal_msp.o
    0x080037c0   0x080037c0   0x00000004   Code   RO          292    i.HardFault_Handler  stm32g4xx_it.o
    0x080037c4   0x080037c4   0x00000010   Code   RO          578    i.LL_ADC_Enable     stm32g4xx_hal_adc.o
    0x080037d4   0x080037d4   0x0000000a   Code   RO          580    i.LL_ADC_GetMultimode  stm32g4xx_hal_adc.o
    0x080037de   0x080037de   0x00000012   Code   RO          581    i.LL_ADC_GetOffsetChannel  stm32g4xx_hal_adc.o
    0x080037f0   0x080037f0   0x0000000a   Code   RO          582    i.LL_ADC_INJ_IsConversionOngoing  stm32g4xx_hal_adc.o
    0x080037fa   0x080037fa   0x0000000a   Code   RO          584    i.LL_ADC_IsEnabled  stm32g4xx_hal_adc.o
    0x08003804   0x08003804   0x0000000a   Code   RO          585    i.LL_ADC_IsInternalRegulatorEnabled  stm32g4xx_hal_adc.o
    0x0800380e   0x0800380e   0x0000000a   Code   RO          586    i.LL_ADC_REG_IsConversionOngoing  stm32g4xx_hal_adc.o
    0x08003818   0x08003818   0x00000012   Code   RO          587    i.LL_ADC_REG_IsTriggerSourceSWStart  stm32g4xx_hal_adc.o
    0x0800382a   0x0800382a   0x00000002   PAD
    0x0800382c   0x0800382c   0x00000010   Code   RO          588    i.LL_ADC_REG_StartConversion  stm32g4xx_hal_adc.o
    0x0800383c   0x0800383c   0x00000028   Code   RO          590    i.LL_ADC_SetChannelSamplingTime  stm32g4xx_hal_adc.o
    0x08003864   0x08003864   0x0000000c   Code   RO          591    i.LL_ADC_SetCommonPathInternalCh  stm32g4xx_hal_adc.o
    0x08003870   0x08003870   0x00000016   Code   RO          592    i.LL_ADC_SetOffsetState  stm32g4xx_hal_adc.o
    0x08003886   0x08003886   0x0000000c   Code   RO          593    i.LL_ADC_SetSamplingTimeCommonConfig  stm32g4xx_hal_adc.o
    0x08003892   0x08003892   0x00000002   PAD
    0x08003894   0x08003894   0x0000000c   Code   RO         2562    i.LL_EXTI_ClearFlag_0_31  stm32g4xx_hal_comp.o
    0x080038a0   0x080038a0   0x0000000c   Code   RO         2563    i.LL_EXTI_ClearFlag_32_63  stm32g4xx_hal_comp.o
    0x080038ac   0x080038ac   0x00000010   Code   RO         2564    i.LL_EXTI_DisableEvent_0_31  stm32g4xx_hal_comp.o
    0x080038bc   0x080038bc   0x00000010   Code   RO         2565    i.LL_EXTI_DisableEvent_32_63  stm32g4xx_hal_comp.o
    0x080038cc   0x080038cc   0x00000010   Code   RO         2566    i.LL_EXTI_DisableIT_0_31  stm32g4xx_hal_comp.o
    0x080038dc   0x080038dc   0x00000010   Code   RO         2567    i.LL_EXTI_DisableIT_32_63  stm32g4xx_hal_comp.o
    0x080038ec   0x080038ec   0x00000094   Code   RO          206    i.MX_ADC2_Init      main.o
    0x08003980   0x08003980   0x00000034   Code   RO          207    i.MX_COMP6_Init     main.o
    0x080039b4   0x080039b4   0x00000058   Code   RO          208    i.MX_DAC2_Init      main.o
    0x08003a0c   0x08003a0c   0x00000050   Code   RO          209    i.MX_DMA_Init       main.o
    0x08003a5c   0x08003a5c   0x000000f4   Code   RO          210    i.MX_GPIO_Init      main.o
    0x08003b50   0x08003b50   0x00000068   Code   RO          211    i.MX_LPUART1_UART_Init  main.o
    0x08003bb8   0x08003bb8   0x00000038   Code   RO          212    i.MX_OPAMP3_Init    main.o
    0x08003bf0   0x08003bf0   0x00000074   Code   RO          213    i.MX_TIM3_Init      main.o
    0x08003c64   0x08003c64   0x00000004   Code   RO          293    i.MemManage_Handler  stm32g4xx_it.o
    0x08003c68   0x08003c68   0x00000002   Code   RO          294    i.NMI_Handler       stm32g4xx_it.o
    0x08003c6a   0x08003c6a   0x00000002   Code   RO          295    i.PendSV_Handler    stm32g4xx_it.o
    0x08003c6c   0x08003c6c   0x00000068   Code   RO         1319    i.RCC_GetSysClockFreqFromPLLSource  stm32g4xx_hal_rcc.o
    0x08003cd4   0x08003cd4   0x00000002   Code   RO          296    i.SVC_Handler       stm32g4xx_it.o
    0x08003cd6   0x08003cd6   0x00000008   Code   RO          297    i.SysTick_Handler   stm32g4xx_it.o
    0x08003cde   0x08003cde   0x0000008e   Code   RO          214    i.SystemClock_Config  main.o
    0x08003d6c   0x08003d6c   0x0000001c   Code   RO         4710    i.SystemInit        system_stm32g4xx.o
    0x08003d88   0x08003d88   0x00000010   Code   RO          298    i.TIM3_IRQHandler   stm32g4xx_it.o
    0x08003d98   0x08003d98   0x000000e0   Code   RO         3645    i.TIM_Base_SetConfig  stm32g4xx_hal_tim.o
    0x08003e78   0x08003e78   0x00000016   Code   RO         3656    i.TIM_ETR_SetConfig  stm32g4xx_hal_tim.o
    0x08003e8e   0x08003e8e   0x00000002   PAD
    0x08003e90   0x08003e90   0x00000018   Code   RO         3657    i.TIM_ITRx_SetConfig  stm32g4xx_hal_tim.o
    0x08003ea8   0x08003ea8   0x00000026   Code   RO         3665    i.TIM_TI1_ConfigInputStage  stm32g4xx_hal_tim.o
    0x08003ece   0x08003ece   0x00000028   Code   RO         3667    i.TIM_TI2_ConfigInputStage  stm32g4xx_hal_tim.o
    0x08003ef6   0x08003ef6   0x00000002   PAD
    0x08003ef8   0x08003ef8   0x00000070   Code   RO         3354    i.UARTEx_SetNbDataToProcess  stm32g4xx_hal_uart_ex.o
    0x08003f68   0x08003f68   0x000000f8   Code   RO         3000    i.UART_AdvFeatureConfig  stm32g4xx_hal_uart.o
    0x08004060   0x08004060   0x00000074   Code   RO         3001    i.UART_CheckIdleState  stm32g4xx_hal_uart.o
    0x080040d4   0x080040d4   0x00000df0   Code   RO         3019    i.UART_SetConfig    stm32g4xx_hal_uart.o
    0x08004ec4   0x08004ec4   0x0000006c   Code   RO         3024    i.UART_WaitOnFlagUntilTimeout  stm32g4xx_hal_uart.o
    0x08004f30   0x08004f30   0x00000004   Code   RO          299    i.UsageFault_Handler  stm32g4xx_it.o
    0x08004f34   0x08004f34   0x00000010   Code   RO         2428    i.__NVIC_GetPriorityGrouping  stm32g4xx_hal_cortex.o
    0x08004f44   0x08004f44   0x00000028   Code   RO         2429    i.__NVIC_SetPriority  stm32g4xx_hal_cortex.o
    0x08004f6c   0x08004f6c   0x000001a4   Code   RO           16    i.calcAmplitude     opamp.o
    0x08005110   0x08005110   0x00000114   Code   RO          215    i.main              main.o
    0x08005224   0x08005224   0x0000000c   Code   RO           17    i.opampHandle       opamp.o
    0x08005230   0x08005230   0x0000000a   Code   RO         4860    x$fpl$fpinit        fz_wm.l(fpinit.o)
    0x0800523a   0x0800523a   0x00000018   Data   RO         4711    .constdata          system_stm32g4xx.o
    0x08005252   0x08005252   0x00000002   PAD
    0x08005254   0x08005254   0x00000020   Data   RO         4918    Region$$Table       anon$$obj.o


    Execution Region RW_IRAM1 (Exec base: 0x20000000, Load base: 0x08005274, Size: 0x000010b0, Max: 0x00020000, ABSOLUTE)

    Exec Addr    Load Addr    Size         Type   Attr      Idx    E Section Name        Object

    0x20000000   0x08005274   0x0000004e   Data   RW           18    .data               opamp.o
    0x2000004e   0x080052c2   0x00000003   Data   RW          217    .data               main.o
    0x20000051   0x080052c5   0x00000003   PAD
    0x20000054   0x080052c8   0x0000000c   Data   RW         1105    .data               stm32g4xx_hal.o
    0x20000060   0x080052d4   0x00000004   Data   RW         4712    .data               system_stm32g4xx.o
    0x20000064        -       0x000009e8   Zero   RW          216    .bss                main.o
    0x20000a4c        -       0x00000060   Zero   RW         4790    .bss                c_w.l(libspace.o)
    0x20000aac   0x080052d8   0x00000004   PAD
    0x20000ab0        -       0x00000200   Zero   RW            2    HEAP                startup_stm32g474xx.o
    0x20000cb0        -       0x00000400   Zero   RW            1    STACK               startup_stm32g474xx.o


==============================================================================

Image component sizes


      Code (inc. data)   RO Data    RW Data    ZI Data      Debug   Object Name

      1308        116          0          3       2536       7161   main.o
       474         62          0         78          0     917422   opamp.o
        64         26        472          0       1536        848   startup_stm32g474xx.o
       194         32          0         12          0       4357   stm32g4xx_hal.o
      3304        174          0          0          0      83311   stm32g4xx_hal_adc.o
      1004         56          0          0          0      10453   stm32g4xx_hal_comp.o
       302         22          0          0          0      34479   stm32g4xx_hal_cortex.o
       828          8          0          0          0       4086   stm32g4xx_hal_dac.o
       824         22          0          0          0       4943   stm32g4xx_hal_dma.o
       512         38          0          0          0       3492   stm32g4xx_hal_gpio.o
       840         92          0          0          0      13111   stm32g4xx_hal_msp.o
       394         10          0          0          0       2423   stm32g4xx_hal_opamp.o
       280         12          0          0          0        850   stm32g4xx_hal_pwr_ex.o
      2272        108          0          0          0       6996   stm32g4xx_hal_rcc.o
      1048         10          0          0          0       1992   stm32g4xx_hal_rcc_ex.o
      1426         58          0          0          0       9835   stm32g4xx_hal_tim.o
       230         34          0          0          0       5572   stm32g4xx_hal_tim_ex.o
      4160         72          0          0          0       6981   stm32g4xx_hal_uart.o
       378         18          0          0          0       3661   stm32g4xx_hal_uart_ex.o
        76         12          0          0          0       5778   stm32g4xx_it.o
        28          4         24          4          0       1167   system_stm32g4xx.o

    ----------------------------------------------------------------------
     19970        986        530        100       4072    1128918   Object Totals
         0          0         32          0          0          0   (incl. Generated)
        24          0          2          3          0          0   (incl. Padding)

    ----------------------------------------------------------------------

      Code (inc. data)   RO Data    RW Data    ZI Data      Debug   Library Member Name

         8          0          0          0          0         68   __main.o
         0          0          0          0          0          0   __rtentry.o
        12          0          0          0          0          0   __rtentry2.o
         6          0          0          0          0          0   __rtentry4.o
        52          8          0          0          0          0   __scatter.o
        26          0          0          0          0          0   __scatter_copy.o
        28          0          0          0          0          0   __scatter_zi.o
        18          0          0          0          0         80   exit.o
         6          0          0          0          0        152   heapauxi.o
         0          0          0          0          0          0   indicate_semi.o
         2          0          0          0          0          0   libinit.o
         6          0          0          0          0          0   libinit2.o
         2          0          0          0          0          0   libshutdown.o
         2          0          0          0          0          0   libshutdown2.o
         8          4          0          0         96         68   libspace.o
       238          0          0          0          0        100   lludivv7m.o
        78          0          0          0          0         80   rt_memclr_w.o
         2          0          0          0          0          0   rtexit.o
        10          0          0          0          0          0   rtexit2.o
        12          4          0          0          0         68   sys_exit.o
        74          0          0          0          0         80   sys_stackheap_outer.o
         2          0          0          0          0         68   use_no_semi.o
        10          0          0          0          0        116   fpinit.o

    ----------------------------------------------------------------------
       608         16          0          0        100        880   Library Totals
         6          0          0          0          4          0   (incl. Padding)

    ----------------------------------------------------------------------

      Code (inc. data)   RO Data    RW Data    ZI Data      Debug   Library Name

       592         16          0          0         96        764   c_w.l
        10          0          0          0          0        116   fz_wm.l

    ----------------------------------------------------------------------
       608         16          0          0        100        880   Library Totals

    ----------------------------------------------------------------------

==============================================================================


      Code (inc. data)   RO Data    RW Data    ZI Data      Debug   

     20578       1002        530        100       4172    1117038   Grand Totals
     20578       1002        530        100       4172    1117038   ELF Image Totals
     20578       1002        530        100          0          0   ROM Totals

==============================================================================

    Total RO  Size (Code + RO Data)                21108 (  20.61kB)
    Total RW  Size (RW Data + ZI Data)              4272 (   4.17kB)
    Total ROM Size (Code + RO Data + RW Data)      21208 (  20.71kB)

==============================================================================

